[2022-05-24T12:05:18.077+0100][gc,heap] Heap region size: 1M
[2022-05-24T12:05:18.090+0100][gc     ] Using G1
[2022-05-24T12:05:18.090+0100][gc,heap,coops] Heap address: 0x00000000c0000000, size: 1024 MB, Compressed Oops mode: 32-bit
[2022-05-24T12:05:18.091+0100][gc,cds       ] Mark closed archive regions in map: [0x00000000fff00000, 0x00000000fff6aff8]
[2022-05-24T12:05:18.091+0100][gc,cds       ] Mark open archive regions in map: [0x00000000ffe00000, 0x00000000ffe46ff8]
[2022-05-24T12:05:19.110+0100][gc,start     ] GC(0) Pause Young (Normal) (G1 Evacuation Pause)
[2022-05-24T12:05:19.112+0100][gc,task      ] GC(0) Using 13 workers of 13 for evacuation
[2022-05-24T12:05:19.124+0100][gc,phases    ] GC(0)   Pre Evacuate Collection Set: 0,0ms
[2022-05-24T12:05:19.124+0100][gc,phases    ] GC(0)   Evacuate Collection Set: 11,7ms
[2022-05-24T12:05:19.124+0100][gc,phases    ] GC(0)   Post Evacuate Collection Set: 0,6ms
[2022-05-24T12:05:19.124+0100][gc,phases    ] GC(0)   Other: 2,1ms
[2022-05-24T12:05:19.124+0100][gc,heap      ] GC(0) Eden regions: 51->0(44)
[2022-05-24T12:05:19.124+0100][gc,heap      ] GC(0) Survivor regions: 0->7(7)
[2022-05-24T12:05:19.124+0100][gc,heap      ] GC(0) Old regions: 2->2
[2022-05-24T12:05:19.124+0100][gc,heap      ] GC(0) Humongous regions: 0->0
[2022-05-24T12:05:19.124+0100][gc,metaspace ] GC(0) Metaspace: 14979K->14979K(1062912K)
[2022-05-24T12:05:19.124+0100][gc           ] GC(0) Pause Young (Normal) (G1 Evacuation Pause) 51M->7M(1024M) 14,486ms
[2022-05-24T12:05:19.124+0100][gc,cpu       ] GC(0) User=0,10s Sys=0,01s Real=0,02s
[2022-05-24T12:05:19.426+0100][gc,start     ] GC(1) Pause Young (Concurrent Start) (Metadata GC Threshold)
[2022-05-24T12:05:19.426+0100][gc,task      ] GC(1) Using 13 workers of 13 for evacuation
[2022-05-24T12:05:19.436+0100][gc,phases    ] GC(1)   Pre Evacuate Collection Set: 0,1ms
[2022-05-24T12:05:19.436+0100][gc,phases    ] GC(1)   Evacuate Collection Set: 8,8ms
[2022-05-24T12:05:19.436+0100][gc,phases    ] GC(1)   Post Evacuate Collection Set: 0,8ms
[2022-05-24T12:05:19.436+0100][gc,phases    ] GC(1)   Other: 0,3ms
[2022-05-24T12:05:19.436+0100][gc,heap      ] GC(1) Eden regions: 23->0(49)
[2022-05-24T12:05:19.436+0100][gc,heap      ] GC(1) Survivor regions: 7->2(7)
[2022-05-24T12:05:19.436+0100][gc,heap      ] GC(1) Old regions: 2->9
[2022-05-24T12:05:19.436+0100][gc,heap      ] GC(1) Humongous regions: 0->0
[2022-05-24T12:05:19.436+0100][gc,metaspace ] GC(1) Metaspace: 20495K->20495K(1067008K)
[2022-05-24T12:05:19.436+0100][gc           ] GC(1) Pause Young (Concurrent Start) (Metadata GC Threshold) 29M->8M(1024M) 9,973ms
[2022-05-24T12:05:19.436+0100][gc,cpu       ] GC(1) User=0,04s Sys=0,00s Real=0,01s
[2022-05-24T12:05:19.436+0100][gc           ] GC(2) Concurrent Cycle
[2022-05-24T12:05:19.436+0100][gc,marking   ] GC(2) Concurrent Clear Claimed Marks
[2022-05-24T12:05:19.436+0100][gc,marking   ] GC(2) Concurrent Clear Claimed Marks 0,056ms
[2022-05-24T12:05:19.436+0100][gc,marking   ] GC(2) Concurrent Scan Root Regions
[2022-05-24T12:05:19.438+0100][gc,marking   ] GC(2) Concurrent Scan Root Regions 1,619ms
[2022-05-24T12:05:19.438+0100][gc,marking   ] GC(2) Concurrent Mark (1,386s)
[2022-05-24T12:05:19.438+0100][gc,marking   ] GC(2) Concurrent Mark From Roots
[2022-05-24T12:05:19.438+0100][gc,task      ] GC(2) Using 3 workers of 3 for marking
[2022-05-24T12:05:19.441+0100][gc,marking   ] GC(2) Concurrent Mark From Roots 3,700ms
[2022-05-24T12:05:19.441+0100][gc,marking   ] GC(2) Concurrent Preclean
[2022-05-24T12:05:19.442+0100][gc,marking   ] GC(2) Concurrent Preclean 0,193ms
[2022-05-24T12:05:19.442+0100][gc,marking   ] GC(2) Concurrent Mark (1,386s, 1,390s) 3,983ms
[2022-05-24T12:05:19.442+0100][gc,start     ] GC(2) Pause Remark
[2022-05-24T12:05:19.444+0100][gc,stringtable] GC(2) Cleaned string and symbol table, strings: 5180 processed, 0 removed, symbols: 50256 processed, 40 removed
[2022-05-24T12:05:19.444+0100][gc            ] GC(2) Pause Remark 8M->8M(1024M) 2,342ms
[2022-05-24T12:05:19.444+0100][gc,cpu        ] GC(2) User=0,01s Sys=0,01s Real=0,00s
[2022-05-24T12:05:19.444+0100][gc,marking    ] GC(2) Concurrent Rebuild Remembered Sets
[2022-05-24T12:05:19.446+0100][gc,marking    ] GC(2) Concurrent Rebuild Remembered Sets 1,555ms
[2022-05-24T12:05:19.446+0100][gc,start      ] GC(2) Pause Cleanup
[2022-05-24T12:05:19.446+0100][gc            ] GC(2) Pause Cleanup 8M->8M(1024M) 0,257ms
[2022-05-24T12:05:19.446+0100][gc,cpu        ] GC(2) User=0,00s Sys=0,00s Real=0,00s
[2022-05-24T12:05:19.446+0100][gc,marking    ] GC(2) Concurrent Cleanup for Next Mark
[2022-05-24T12:05:19.449+0100][gc,marking    ] GC(2) Concurrent Cleanup for Next Mark 2,946ms
[2022-05-24T12:05:19.450+0100][gc            ] GC(2) Concurrent Cycle 13,747ms
[2022-05-24T12:05:19.941+0100][gc,start      ] GC(3) Pause Young (Normal) (G1 Evacuation Pause)
[2022-05-24T12:05:19.941+0100][gc,task       ] GC(3) Using 13 workers of 13 for evacuation
[2022-05-24T12:05:19.945+0100][gc,phases     ] GC(3)   Pre Evacuate Collection Set: 0,0ms
[2022-05-24T12:05:19.945+0100][gc,phases     ] GC(3)   Evacuate Collection Set: 2,3ms
[2022-05-24T12:05:19.945+0100][gc,phases     ] GC(3)   Post Evacuate Collection Set: 0,8ms
[2022-05-24T12:05:19.945+0100][gc,phases     ] GC(3)   Other: 0,3ms
[2022-05-24T12:05:19.945+0100][gc,heap       ] GC(3) Eden regions: 49->0(46)
[2022-05-24T12:05:19.945+0100][gc,heap       ] GC(3) Survivor regions: 2->5(7)
[2022-05-24T12:05:19.945+0100][gc,heap       ] GC(3) Old regions: 9->9
[2022-05-24T12:05:19.945+0100][gc,heap       ] GC(3) Humongous regions: 129->129
[2022-05-24T12:05:19.945+0100][gc,metaspace  ] GC(3) Metaspace: 29127K->29127K(1075200K)
[2022-05-24T12:05:19.945+0100][gc            ] GC(3) Pause Young (Normal) (G1 Evacuation Pause) 186M->140M(1024M) 3,520ms
[2022-05-24T12:05:19.945+0100][gc,cpu        ] GC(3) User=0,03s Sys=0,00s Real=0,00s
[2022-05-24T12:05:20.255+0100][gc,start      ] GC(4) Pause Young (Concurrent Start) (Metadata GC Threshold)
[2022-05-24T12:05:20.255+0100][gc,task       ] GC(4) Using 13 workers of 13 for evacuation
[2022-05-24T12:05:20.259+0100][gc,phases     ] GC(4)   Pre Evacuate Collection Set: 0,1ms
[2022-05-24T12:05:20.259+0100][gc,phases     ] GC(4)   Evacuate Collection Set: 3,6ms
[2022-05-24T12:05:20.259+0100][gc,phases     ] GC(4)   Post Evacuate Collection Set: 0,7ms
[2022-05-24T12:05:20.259+0100][gc,phases     ] GC(4)   Other: 0,2ms
[2022-05-24T12:05:20.259+0100][gc,heap       ] GC(4) Eden regions: 26->0(45)
[2022-05-24T12:05:20.259+0100][gc,heap       ] GC(4) Survivor regions: 5->6(7)
[2022-05-24T12:05:20.259+0100][gc,heap       ] GC(4) Old regions: 9->10
[2022-05-24T12:05:20.259+0100][gc,heap       ] GC(4) Humongous regions: 129->129
[2022-05-24T12:05:20.259+0100][gc,metaspace  ] GC(4) Metaspace: 34486K->34486K(1081344K)
[2022-05-24T12:05:20.259+0100][gc            ] GC(4) Pause Young (Concurrent Start) (Metadata GC Threshold) 165M->142M(1024M) 4,715ms
[2022-05-24T12:05:20.259+0100][gc,cpu        ] GC(4) User=0,03s Sys=0,01s Real=0,00s
[2022-05-24T12:05:20.259+0100][gc            ] GC(5) Concurrent Cycle
[2022-05-24T12:05:20.259+0100][gc,marking    ] GC(5) Concurrent Clear Claimed Marks
[2022-05-24T12:05:20.259+0100][gc,marking    ] GC(5) Concurrent Clear Claimed Marks 0,108ms
[2022-05-24T12:05:20.259+0100][gc,marking    ] GC(5) Concurrent Scan Root Regions
[2022-05-24T12:05:20.261+0100][gc,marking    ] GC(5) Concurrent Scan Root Regions 1,370ms
[2022-05-24T12:05:20.261+0100][gc,marking    ] GC(5) Concurrent Mark (2,210s)
[2022-05-24T12:05:20.261+0100][gc,marking    ] GC(5) Concurrent Mark From Roots
[2022-05-24T12:05:20.261+0100][gc,task       ] GC(5) Using 3 workers of 3 for marking
[2022-05-24T12:05:20.265+0100][gc,marking    ] GC(5) Concurrent Mark From Roots 4,125ms
[2022-05-24T12:05:20.265+0100][gc,marking    ] GC(5) Concurrent Preclean
[2022-05-24T12:05:20.265+0100][gc,marking    ] GC(5) Concurrent Preclean 0,080ms
[2022-05-24T12:05:20.265+0100][gc,marking    ] GC(5) Concurrent Mark (2,210s, 2,214s) 4,258ms
[2022-05-24T12:05:20.265+0100][gc,start      ] GC(5) Pause Remark
[2022-05-24T12:05:20.267+0100][gc,stringtable] GC(5) Cleaned string and symbol table, strings: 10386 processed, 11 removed, symbols: 83473 processed, 15 removed
[2022-05-24T12:05:20.268+0100][gc            ] GC(5) Pause Remark 142M->142M(1024M) 2,240ms
[2022-05-24T12:05:20.268+0100][gc,cpu        ] GC(5) User=0,02s Sys=0,00s Real=0,00s
[2022-05-24T12:05:20.268+0100][gc,marking    ] GC(5) Concurrent Rebuild Remembered Sets
[2022-05-24T12:05:20.270+0100][gc,marking    ] GC(5) Concurrent Rebuild Remembered Sets 1,989ms
[2022-05-24T12:05:20.270+0100][gc,start      ] GC(5) Pause Cleanup
[2022-05-24T12:05:20.270+0100][gc            ] GC(5) Pause Cleanup 143M->143M(1024M) 0,287ms
[2022-05-24T12:05:20.270+0100][gc,cpu        ] GC(5) User=0,00s Sys=0,00s Real=0,00s
[2022-05-24T12:05:20.270+0100][gc,marking    ] GC(5) Concurrent Cleanup for Next Mark
[2022-05-24T12:05:20.273+0100][gc,marking    ] GC(5) Concurrent Cleanup for Next Mark 2,660ms
[2022-05-24T12:05:20.273+0100][gc            ] GC(5) Concurrent Cycle 13,613ms
[2022-05-24T12:05:49.510+0100][gc,heap,exit  ] Heap
[2022-05-24T12:05:49.510+0100][gc,heap,exit  ]  garbage-first heap   total 1048576K, used 172128K [0x00000000c0000000, 0x0000000100000000)
[2022-05-24T12:05:49.510+0100][gc,heap,exit  ]   region size 1024K, 34 young (34816K), 6 survivors (6144K)
[2022-05-24T12:05:49.510+0100][gc,heap,exit  ]  Metaspace       used 39217K, capacity 41198K, committed 41472K, reserved 1085440K
[2022-05-24T12:05:49.510+0100][gc,heap,exit  ]   class space    used 4894K, capacity 5841K, committed 5888K, reserved 1048576K
