[2022-05-24T12:05:03.093+0100][gc,heap] Heap region size: 1M
[2022-05-24T12:05:03.106+0100][gc     ] Using G1
[2022-05-24T12:05:03.106+0100][gc,heap,coops] Heap address: 0x00000000c0000000, size: 1024 MB, Compressed Oops mode: 32-bit
[2022-05-24T12:05:03.106+0100][gc,cds       ] Mark closed archive regions in map: [0x00000000fff00000, 0x00000000fff6aff8]
[2022-05-24T12:05:03.106+0100][gc,cds       ] Mark open archive regions in map: [0x00000000ffe00000, 0x00000000ffe46ff8]
[2022-05-24T12:05:04.090+0100][gc,start     ] GC(0) Pause Young (Normal) (G1 Evacuation Pause)
[2022-05-24T12:05:04.091+0100][gc,task      ] GC(0) Using 13 workers of 13 for evacuation
[2022-05-24T12:05:04.104+0100][gc,phases    ] GC(0)   Pre Evacuate Collection Set: 0,0ms
[2022-05-24T12:05:04.104+0100][gc,phases    ] GC(0)   Evacuate Collection Set: 11,4ms
[2022-05-24T12:05:04.104+0100][gc,phases    ] GC(0)   Post Evacuate Collection Set: 0,9ms
[2022-05-24T12:05:04.104+0100][gc,phases    ] GC(0)   Other: 1,6ms
[2022-05-24T12:05:04.104+0100][gc,heap      ] GC(0) Eden regions: 51->0(44)
[2022-05-24T12:05:04.104+0100][gc,heap      ] GC(0) Survivor regions: 0->7(7)
[2022-05-24T12:05:04.104+0100][gc,heap      ] GC(0) Old regions: 2->2
[2022-05-24T12:05:04.104+0100][gc,heap      ] GC(0) Humongous regions: 0->0
[2022-05-24T12:05:04.104+0100][gc,metaspace ] GC(0) Metaspace: 14971K->14971K(1062912K)
[2022-05-24T12:05:04.104+0100][gc           ] GC(0) Pause Young (Normal) (G1 Evacuation Pause) 51M->7M(1024M) 13,885ms
[2022-05-24T12:05:04.104+0100][gc,cpu       ] GC(0) User=0,10s Sys=0,00s Real=0,02s
[2022-05-24T12:05:04.476+0100][gc,start     ] GC(1) Pause Young (Concurrent Start) (Metadata GC Threshold)
[2022-05-24T12:05:04.477+0100][gc,task      ] GC(1) Using 13 workers of 13 for evacuation
[2022-05-24T12:05:04.489+0100][gc,phases    ] GC(1)   Pre Evacuate Collection Set: 0,1ms
[2022-05-24T12:05:04.489+0100][gc,phases    ] GC(1)   Evacuate Collection Set: 10,8ms
[2022-05-24T12:05:04.489+0100][gc,phases    ] GC(1)   Post Evacuate Collection Set: 1,2ms
[2022-05-24T12:05:04.489+0100][gc,phases    ] GC(1)   Other: 0,5ms
[2022-05-24T12:05:04.489+0100][gc,heap      ] GC(1) Eden regions: 23->0(49)
[2022-05-24T12:05:04.489+0100][gc,heap      ] GC(1) Survivor regions: 7->2(7)
[2022-05-24T12:05:04.489+0100][gc,heap      ] GC(1) Old regions: 2->9
[2022-05-24T12:05:04.489+0100][gc,heap      ] GC(1) Humongous regions: 0->0
[2022-05-24T12:05:04.489+0100][gc,metaspace ] GC(1) Metaspace: 20510K->20510K(1067008K)
[2022-05-24T12:05:04.489+0100][gc           ] GC(1) Pause Young (Concurrent Start) (Metadata GC Threshold) 30M->8M(1024M) 12,630ms
[2022-05-24T12:05:04.489+0100][gc,cpu       ] GC(1) User=0,05s Sys=0,01s Real=0,01s
[2022-05-24T12:05:04.489+0100][gc           ] GC(2) Concurrent Cycle
[2022-05-24T12:05:04.489+0100][gc,marking   ] GC(2) Concurrent Clear Claimed Marks
[2022-05-24T12:05:04.489+0100][gc,marking   ] GC(2) Concurrent Clear Claimed Marks 0,096ms
[2022-05-24T12:05:04.489+0100][gc,marking   ] GC(2) Concurrent Scan Root Regions
[2022-05-24T12:05:04.491+0100][gc,marking   ] GC(2) Concurrent Scan Root Regions 1,512ms
[2022-05-24T12:05:04.491+0100][gc,marking   ] GC(2) Concurrent Mark (1,420s)
[2022-05-24T12:05:04.491+0100][gc,marking   ] GC(2) Concurrent Mark From Roots
[2022-05-24T12:05:04.492+0100][gc,task      ] GC(2) Using 3 workers of 3 for marking
[2022-05-24T12:05:04.496+0100][gc,marking   ] GC(2) Concurrent Mark From Roots 4,677ms
[2022-05-24T12:05:04.496+0100][gc,marking   ] GC(2) Concurrent Preclean
[2022-05-24T12:05:04.496+0100][gc,marking   ] GC(2) Concurrent Preclean 0,194ms
[2022-05-24T12:05:04.496+0100][gc,marking   ] GC(2) Concurrent Mark (1,420s, 1,425s) 4,976ms
[2022-05-24T12:05:04.496+0100][gc,start     ] GC(2) Pause Remark
[2022-05-24T12:05:04.499+0100][gc,stringtable] GC(2) Cleaned string and symbol table, strings: 5180 processed, 0 removed, symbols: 50256 processed, 40 removed
[2022-05-24T12:05:04.499+0100][gc            ] GC(2) Pause Remark 8M->8M(1024M) 3,156ms
[2022-05-24T12:05:04.499+0100][gc,cpu        ] GC(2) User=0,01s Sys=0,00s Real=0,00s
[2022-05-24T12:05:04.500+0100][gc,marking    ] GC(2) Concurrent Rebuild Remembered Sets
[2022-05-24T12:05:04.502+0100][gc,marking    ] GC(2) Concurrent Rebuild Remembered Sets 2,744ms
[2022-05-24T12:05:04.503+0100][gc,start      ] GC(2) Pause Cleanup
[2022-05-24T12:05:04.503+0100][gc            ] GC(2) Pause Cleanup 8M->8M(1024M) 0,412ms
[2022-05-24T12:05:04.503+0100][gc,cpu        ] GC(2) User=0,00s Sys=0,00s Real=0,00s
[2022-05-24T12:05:04.503+0100][gc,marking    ] GC(2) Concurrent Cleanup for Next Mark
[2022-05-24T12:05:04.506+0100][gc,marking    ] GC(2) Concurrent Cleanup for Next Mark 3,266ms
[2022-05-24T12:05:04.507+0100][gc            ] GC(2) Concurrent Cycle 17,446ms
[2022-05-24T12:05:05.283+0100][gc,start      ] GC(3) Pause Young (Normal) (G1 Evacuation Pause)
[2022-05-24T12:05:05.283+0100][gc,task       ] GC(3) Using 13 workers of 13 for evacuation
[2022-05-24T12:05:05.287+0100][gc,phases     ] GC(3)   Pre Evacuate Collection Set: 0,0ms
[2022-05-24T12:05:05.287+0100][gc,phases     ] GC(3)   Evacuate Collection Set: 2,8ms
[2022-05-24T12:05:05.287+0100][gc,phases     ] GC(3)   Post Evacuate Collection Set: 0,8ms
[2022-05-24T12:05:05.287+0100][gc,phases     ] GC(3)   Other: 0,3ms
[2022-05-24T12:05:05.287+0100][gc,heap       ] GC(3) Eden regions: 49->0(47)
[2022-05-24T12:05:05.287+0100][gc,heap       ] GC(3) Survivor regions: 2->4(7)
[2022-05-24T12:05:05.287+0100][gc,heap       ] GC(3) Old regions: 9->9
[2022-05-24T12:05:05.287+0100][gc,heap       ] GC(3) Humongous regions: 129->129
[2022-05-24T12:05:05.287+0100][gc,metaspace  ] GC(3) Metaspace: 29908K->29908K(1077248K)
[2022-05-24T12:05:05.287+0100][gc            ] GC(3) Pause Young (Normal) (G1 Evacuation Pause) 186M->139M(1024M) 4,017ms
[2022-05-24T12:05:05.287+0100][gc,cpu        ] GC(3) User=0,03s Sys=0,00s Real=0,00s
[2022-05-24T12:05:05.579+0100][gc,start      ] GC(4) Pause Young (Concurrent Start) (Metadata GC Threshold)
[2022-05-24T12:05:05.579+0100][gc,task       ] GC(4) Using 13 workers of 13 for evacuation
[2022-05-24T12:05:05.584+0100][gc,phases     ] GC(4)   Pre Evacuate Collection Set: 0,1ms
[2022-05-24T12:05:05.584+0100][gc,phases     ] GC(4)   Evacuate Collection Set: 3,9ms
[2022-05-24T12:05:05.584+0100][gc,phases     ] GC(4)   Post Evacuate Collection Set: 0,5ms
[2022-05-24T12:05:05.584+0100][gc,phases     ] GC(4)   Other: 0,2ms
[2022-05-24T12:05:05.584+0100][gc,heap       ] GC(4) Eden regions: 26->0(45)
[2022-05-24T12:05:05.584+0100][gc,heap       ] GC(4) Survivor regions: 4->6(7)
[2022-05-24T12:05:05.584+0100][gc,heap       ] GC(4) Old regions: 9->9
[2022-05-24T12:05:05.584+0100][gc,heap       ] GC(4) Humongous regions: 129->129
[2022-05-24T12:05:05.584+0100][gc,metaspace  ] GC(4) Metaspace: 34245K->34245K(1081344K)
[2022-05-24T12:05:05.584+0100][gc            ] GC(4) Pause Young (Concurrent Start) (Metadata GC Threshold) 165M->142M(1024M) 4,863ms
[2022-05-24T12:05:05.584+0100][gc,cpu        ] GC(4) User=0,02s Sys=0,00s Real=0,01s
[2022-05-24T12:05:05.584+0100][gc            ] GC(5) Concurrent Cycle
[2022-05-24T12:05:05.584+0100][gc,marking    ] GC(5) Concurrent Clear Claimed Marks
[2022-05-24T12:05:05.584+0100][gc,marking    ] GC(5) Concurrent Clear Claimed Marks 0,168ms
[2022-05-24T12:05:05.584+0100][gc,marking    ] GC(5) Concurrent Scan Root Regions
[2022-05-24T12:05:05.586+0100][gc,marking    ] GC(5) Concurrent Scan Root Regions 1,422ms
[2022-05-24T12:05:05.586+0100][gc,marking    ] GC(5) Concurrent Mark (2,515s)
[2022-05-24T12:05:05.586+0100][gc,marking    ] GC(5) Concurrent Mark From Roots
[2022-05-24T12:05:05.586+0100][gc,task       ] GC(5) Using 3 workers of 3 for marking
[2022-05-24T12:05:05.590+0100][gc,marking    ] GC(5) Concurrent Mark From Roots 3,868ms
[2022-05-24T12:05:05.590+0100][gc,marking    ] GC(5) Concurrent Preclean
[2022-05-24T12:05:05.590+0100][gc,marking    ] GC(5) Concurrent Preclean 0,090ms
[2022-05-24T12:05:05.590+0100][gc,marking    ] GC(5) Concurrent Mark (2,515s, 2,519s) 4,032ms
[2022-05-24T12:05:05.590+0100][gc,start      ] GC(5) Pause Remark
[2022-05-24T12:05:05.592+0100][gc,stringtable] GC(5) Cleaned string and symbol table, strings: 10439 processed, 10 removed, symbols: 80661 processed, 17 removed
[2022-05-24T12:05:05.592+0100][gc            ] GC(5) Pause Remark 142M->142M(1024M) 2,210ms
[2022-05-24T12:05:05.592+0100][gc,cpu        ] GC(5) User=0,03s Sys=0,00s Real=0,01s
[2022-05-24T12:05:05.592+0100][gc,marking    ] GC(5) Concurrent Rebuild Remembered Sets
[2022-05-24T12:05:05.594+0100][gc,marking    ] GC(5) Concurrent Rebuild Remembered Sets 2,010ms
[2022-05-24T12:05:05.595+0100][gc,start      ] GC(5) Pause Cleanup
[2022-05-24T12:05:05.595+0100][gc            ] GC(5) Pause Cleanup 142M->142M(1024M) 0,344ms
[2022-05-24T12:05:05.595+0100][gc,cpu        ] GC(5) User=0,00s Sys=0,00s Real=0,00s
[2022-05-24T12:05:05.595+0100][gc,marking    ] GC(5) Concurrent Cleanup for Next Mark
[2022-05-24T12:05:05.598+0100][gc,marking    ] GC(5) Concurrent Cleanup for Next Mark 2,854ms
[2022-05-24T12:05:05.598+0100][gc            ] GC(5) Concurrent Cycle 14,145ms
[2022-05-24T12:05:34.427+0100][gc,start      ] GC(6) Pause Young (Normal) (G1 Evacuation Pause)
[2022-05-24T12:05:34.427+0100][gc,task       ] GC(6) Using 13 workers of 13 for evacuation
[2022-05-24T12:05:34.434+0100][gc,phases     ] GC(6)   Pre Evacuate Collection Set: 0,0ms
[2022-05-24T12:05:34.434+0100][gc,phases     ] GC(6)   Evacuate Collection Set: 4,5ms
[2022-05-24T12:05:34.434+0100][gc,phases     ] GC(6)   Post Evacuate Collection Set: 1,4ms
[2022-05-24T12:05:34.434+0100][gc,phases     ] GC(6)   Other: 0,2ms
[2022-05-24T12:05:34.434+0100][gc,heap       ] GC(6) Eden regions: 45->0(45)
[2022-05-24T12:05:34.434+0100][gc,heap       ] GC(6) Survivor regions: 6->6(7)
[2022-05-24T12:05:34.434+0100][gc,heap       ] GC(6) Old regions: 9->12
[2022-05-24T12:05:34.434+0100][gc,heap       ] GC(6) Humongous regions: 135->129
[2022-05-24T12:05:34.434+0100][gc,metaspace  ] GC(6) Metaspace: 42022K->42022K(1087488K)
[2022-05-24T12:05:34.434+0100][gc            ] GC(6) Pause Young (Normal) (G1 Evacuation Pause) 193M->144M(1024M) 6,280ms
[2022-05-24T12:05:34.434+0100][gc,cpu        ] GC(6) User=0,06s Sys=0,01s Real=0,01s
[2022-05-24T12:05:49.588+0100][gc,heap,exit  ] Heap
[2022-05-24T12:05:49.588+0100][gc,heap,exit  ]  garbage-first heap   total 1048576K, used 168350K [0x00000000c0000000, 0x0000000100000000)
[2022-05-24T12:05:49.588+0100][gc,heap,exit  ]   region size 1024K, 27 young (27648K), 6 survivors (6144K)
[2022-05-24T12:05:49.588+0100][gc,heap,exit  ]  Metaspace       used 43942K, capacity 46903K, committed 47104K, reserved 1089536K
[2022-05-24T12:05:49.588+0100][gc,heap,exit  ]   class space    used 6075K, capacity 7585K, committed 7680K, reserved 1048576K
