[2022-05-24T12:01:26.837+0100][gc,heap] Heap region size: 1M
[2022-05-24T12:01:26.850+0100][gc     ] Using G1
[2022-05-24T12:01:26.850+0100][gc,heap,coops] Heap address: 0x00000000c0000000, size: 1024 MB, Compressed Oops mode: 32-bit
[2022-05-24T12:01:26.850+0100][gc,cds       ] Mark closed archive regions in map: [0x00000000fff00000, 0x00000000fff6aff8]
[2022-05-24T12:01:26.850+0100][gc,cds       ] Mark open archive regions in map: [0x00000000ffe00000, 0x00000000ffe46ff8]
[2022-05-24T12:01:27.832+0100][gc,start     ] GC(0) Pause Young (Normal) (G1 Evacuation Pause)
[2022-05-24T12:01:27.834+0100][gc,task      ] GC(0) Using 13 workers of 13 for evacuation
[2022-05-24T12:01:27.842+0100][gc,phases    ] GC(0)   Pre Evacuate Collection Set: 0,0ms
[2022-05-24T12:01:27.842+0100][gc,phases    ] GC(0)   Evacuate Collection Set: 6,4ms
[2022-05-24T12:01:27.842+0100][gc,phases    ] GC(0)   Post Evacuate Collection Set: 0,9ms
[2022-05-24T12:01:27.842+0100][gc,phases    ] GC(0)   Other: 2,7ms
[2022-05-24T12:01:27.842+0100][gc,heap      ] GC(0) Eden regions: 51->0(44)
[2022-05-24T12:01:27.842+0100][gc,heap      ] GC(0) Survivor regions: 0->7(7)
[2022-05-24T12:01:27.842+0100][gc,heap      ] GC(0) Old regions: 2->2
[2022-05-24T12:01:27.842+0100][gc,heap      ] GC(0) Humongous regions: 0->0
[2022-05-24T12:01:27.842+0100][gc,metaspace ] GC(0) Metaspace: 14978K->14978K(1062912K)
[2022-05-24T12:01:27.842+0100][gc           ] GC(0) Pause Young (Normal) (G1 Evacuation Pause) 51M->7M(1024M) 10,056ms
[2022-05-24T12:01:27.842+0100][gc,cpu       ] GC(0) User=0,06s Sys=0,01s Real=0,02s
[2022-05-24T12:01:28.257+0100][gc,start     ] GC(1) Pause Young (Concurrent Start) (Metadata GC Threshold)
[2022-05-24T12:01:28.257+0100][gc,task      ] GC(1) Using 13 workers of 13 for evacuation
[2022-05-24T12:01:28.266+0100][gc,phases    ] GC(1)   Pre Evacuate Collection Set: 0,1ms
[2022-05-24T12:01:28.266+0100][gc,phases    ] GC(1)   Evacuate Collection Set: 7,7ms
[2022-05-24T12:01:28.266+0100][gc,phases    ] GC(1)   Post Evacuate Collection Set: 0,9ms
[2022-05-24T12:01:28.266+0100][gc,phases    ] GC(1)   Other: 0,4ms
[2022-05-24T12:01:28.266+0100][gc,heap      ] GC(1) Eden regions: 24->0(49)
[2022-05-24T12:01:28.266+0100][gc,heap      ] GC(1) Survivor regions: 7->2(7)
[2022-05-24T12:01:28.266+0100][gc,heap      ] GC(1) Old regions: 2->9
[2022-05-24T12:01:28.266+0100][gc,heap      ] GC(1) Humongous regions: 0->0
[2022-05-24T12:01:28.266+0100][gc,metaspace ] GC(1) Metaspace: 20604K->20604K(1069056K)
[2022-05-24T12:01:28.266+0100][gc           ] GC(1) Pause Young (Concurrent Start) (Metadata GC Threshold) 30M->8M(1024M) 9,139ms
[2022-05-24T12:01:28.266+0100][gc,cpu       ] GC(1) User=0,04s Sys=0,01s Real=0,01s
[2022-05-24T12:01:28.266+0100][gc           ] GC(2) Concurrent Cycle
[2022-05-24T12:01:28.267+0100][gc,marking   ] GC(2) Concurrent Clear Claimed Marks
[2022-05-24T12:01:28.267+0100][gc,marking   ] GC(2) Concurrent Clear Claimed Marks 0,097ms
[2022-05-24T12:01:28.267+0100][gc,marking   ] GC(2) Concurrent Scan Root Regions
[2022-05-24T12:01:28.268+0100][gc,marking   ] GC(2) Concurrent Scan Root Regions 1,423ms
[2022-05-24T12:01:28.268+0100][gc,marking   ] GC(2) Concurrent Mark (1,456s)
[2022-05-24T12:01:28.268+0100][gc,marking   ] GC(2) Concurrent Mark From Roots
[2022-05-24T12:01:28.269+0100][gc,task      ] GC(2) Using 3 workers of 3 for marking
[2022-05-24T12:01:28.273+0100][gc,marking   ] GC(2) Concurrent Mark From Roots 4,891ms
[2022-05-24T12:01:28.273+0100][gc,marking   ] GC(2) Concurrent Preclean
[2022-05-24T12:01:28.273+0100][gc,marking   ] GC(2) Concurrent Preclean 0,122ms
[2022-05-24T12:01:28.273+0100][gc,marking   ] GC(2) Concurrent Mark (1,456s, 1,462s) 5,106ms
[2022-05-24T12:01:28.273+0100][gc,start     ] GC(2) Pause Remark
[2022-05-24T12:01:28.279+0100][gc,stringtable] GC(2) Cleaned string and symbol table, strings: 5192 processed, 0 removed, symbols: 50424 processed, 41 removed
[2022-05-24T12:01:28.280+0100][gc            ] GC(2) Pause Remark 9M->9M(1024M) 6,107ms
[2022-05-24T12:01:28.280+0100][gc,cpu        ] GC(2) User=0,05s Sys=0,00s Real=0,00s
[2022-05-24T12:01:28.280+0100][gc,marking    ] GC(2) Concurrent Rebuild Remembered Sets
[2022-05-24T12:01:28.282+0100][gc,marking    ] GC(2) Concurrent Rebuild Remembered Sets 2,096ms
[2022-05-24T12:01:28.282+0100][gc,start      ] GC(2) Pause Cleanup
[2022-05-24T12:01:28.283+0100][gc            ] GC(2) Pause Cleanup 9M->9M(1024M) 0,450ms
[2022-05-24T12:01:28.283+0100][gc,cpu        ] GC(2) User=0,00s Sys=0,00s Real=0,00s
[2022-05-24T12:01:28.283+0100][gc,marking    ] GC(2) Concurrent Cleanup for Next Mark
[2022-05-24T12:01:28.286+0100][gc,marking    ] GC(2) Concurrent Cleanup for Next Mark 3,184ms
[2022-05-24T12:01:28.286+0100][gc            ] GC(2) Concurrent Cycle 19,830ms
[2022-05-24T12:01:29.332+0100][gc,heap,exit  ] Heap
[2022-05-24T12:01:29.332+0100][gc,heap,exit  ]  garbage-first heap   total 1048576K, used 14809K [0x00000000c0000000, 0x0000000100000000)
[2022-05-24T12:01:29.332+0100][gc,heap,exit  ]   region size 1024K, 9 young (9216K), 2 survivors (2048K)
[2022-05-24T12:01:29.332+0100][gc,heap,exit  ]  Metaspace       used 21384K, capacity 22097K, committed 22320K, reserved 1069056K
[2022-05-24T12:01:29.332+0100][gc,heap,exit  ]   class space    used 2658K, capacity 2959K, committed 3072K, reserved 1048576K
