[2022-05-24T12:00:40.545+0100][gc,heap] Heap region size: 1M
[2022-05-24T12:00:40.559+0100][gc     ] Using G1
[2022-05-24T12:00:40.559+0100][gc,heap,coops] Heap address: 0x00000000c0000000, size: 1024 MB, Compressed Oops mode: 32-bit
[2022-05-24T12:00:40.559+0100][gc,cds       ] Mark closed archive regions in map: [0x00000000fff00000, 0x00000000fff6aff8]
[2022-05-24T12:00:40.559+0100][gc,cds       ] Mark open archive regions in map: [0x00000000ffe00000, 0x00000000ffe46ff8]
[2022-05-24T12:00:41.660+0100][gc,start     ] GC(0) Pause Young (Normal) (G1 Evacuation Pause)
[2022-05-24T12:00:41.662+0100][gc,task      ] GC(0) Using 13 workers of 13 for evacuation
[2022-05-24T12:00:41.668+0100][gc,phases    ] GC(0)   Pre Evacuate Collection Set: 0,0ms
[2022-05-24T12:00:41.668+0100][gc,phases    ] GC(0)   Evacuate Collection Set: 5,2ms
[2022-05-24T12:00:41.668+0100][gc,phases    ] GC(0)   Post Evacuate Collection Set: 1,2ms
[2022-05-24T12:00:41.668+0100][gc,phases    ] GC(0)   Other: 2,2ms
[2022-05-24T12:00:41.668+0100][gc,heap      ] GC(0) Eden regions: 51->0(44)
[2022-05-24T12:00:41.668+0100][gc,heap      ] GC(0) Survivor regions: 0->7(7)
[2022-05-24T12:00:41.668+0100][gc,heap      ] GC(0) Old regions: 2->2
[2022-05-24T12:00:41.668+0100][gc,heap      ] GC(0) Humongous regions: 0->0
[2022-05-24T12:00:41.668+0100][gc,metaspace ] GC(0) Metaspace: 14980K->14980K(1062912K)
[2022-05-24T12:00:41.668+0100][gc           ] GC(0) Pause Young (Normal) (G1 Evacuation Pause) 51M->7M(1024M) 8,750ms
[2022-05-24T12:00:41.668+0100][gc,cpu       ] GC(0) User=0,05s Sys=0,01s Real=0,01s
[2022-05-24T12:00:42.230+0100][gc,start     ] GC(1) Pause Young (Concurrent Start) (Metadata GC Threshold)
[2022-05-24T12:00:42.230+0100][gc,task      ] GC(1) Using 13 workers of 13 for evacuation
[2022-05-24T12:00:42.239+0100][gc,phases    ] GC(1)   Pre Evacuate Collection Set: 0,1ms
[2022-05-24T12:00:42.239+0100][gc,phases    ] GC(1)   Evacuate Collection Set: 6,8ms
[2022-05-24T12:00:42.239+0100][gc,phases    ] GC(1)   Post Evacuate Collection Set: 0,9ms
[2022-05-24T12:00:42.239+0100][gc,phases    ] GC(1)   Other: 0,4ms
[2022-05-24T12:00:42.239+0100][gc,heap      ] GC(1) Eden regions: 23->0(49)
[2022-05-24T12:00:42.239+0100][gc,heap      ] GC(1) Survivor regions: 7->2(7)
[2022-05-24T12:00:42.239+0100][gc,heap      ] GC(1) Old regions: 2->9
[2022-05-24T12:00:42.239+0100][gc,heap      ] GC(1) Humongous regions: 0->0
[2022-05-24T12:00:42.239+0100][gc,metaspace ] GC(1) Metaspace: 20526K->20526K(1067008K)
[2022-05-24T12:00:42.239+0100][gc           ] GC(1) Pause Young (Concurrent Start) (Metadata GC Threshold) 30M->8M(1024M) 8,281ms
[2022-05-24T12:00:42.239+0100][gc,cpu       ] GC(1) User=0,04s Sys=0,00s Real=0,01s
[2022-05-24T12:00:42.239+0100][gc           ] GC(2) Concurrent Cycle
[2022-05-24T12:00:42.239+0100][gc,marking   ] GC(2) Concurrent Clear Claimed Marks
[2022-05-24T12:00:42.239+0100][gc,marking   ] GC(2) Concurrent Clear Claimed Marks 0,101ms
[2022-05-24T12:00:42.239+0100][gc,marking   ] GC(2) Concurrent Scan Root Regions
[2022-05-24T12:00:42.241+0100][gc,marking   ] GC(2) Concurrent Scan Root Regions 1,606ms
[2022-05-24T12:00:42.241+0100][gc,marking   ] GC(2) Concurrent Mark (1,723s)
[2022-05-24T12:00:42.241+0100][gc,marking   ] GC(2) Concurrent Mark From Roots
[2022-05-24T12:00:42.241+0100][gc,task      ] GC(2) Using 3 workers of 3 for marking
[2022-05-24T12:00:42.245+0100][gc,marking   ] GC(2) Concurrent Mark From Roots 3,916ms
[2022-05-24T12:00:42.245+0100][gc,marking   ] GC(2) Concurrent Preclean
[2022-05-24T12:00:42.245+0100][gc,marking   ] GC(2) Concurrent Preclean 0,217ms
[2022-05-24T12:00:42.245+0100][gc,marking   ] GC(2) Concurrent Mark (1,723s, 1,727s) 4,280ms
[2022-05-24T12:00:42.245+0100][gc,start     ] GC(2) Pause Remark
[2022-05-24T12:00:42.248+0100][gc,stringtable] GC(2) Cleaned string and symbol table, strings: 5208 processed, 0 removed, symbols: 50561 processed, 44 removed
[2022-05-24T12:00:42.249+0100][gc            ] GC(2) Pause Remark 9M->9M(1024M) 3,697ms
[2022-05-24T12:00:42.249+0100][gc,cpu        ] GC(2) User=0,01s Sys=0,00s Real=0,00s
[2022-05-24T12:00:42.249+0100][gc,marking    ] GC(2) Concurrent Rebuild Remembered Sets
[2022-05-24T12:00:42.251+0100][gc,marking    ] GC(2) Concurrent Rebuild Remembered Sets 1,964ms
[2022-05-24T12:00:42.251+0100][gc,start      ] GC(2) Pause Cleanup
[2022-05-24T12:00:42.252+0100][gc            ] GC(2) Pause Cleanup 9M->9M(1024M) 0,343ms
[2022-05-24T12:00:42.252+0100][gc,cpu        ] GC(2) User=0,00s Sys=0,00s Real=0,00s
[2022-05-24T12:00:42.252+0100][gc,marking    ] GC(2) Concurrent Cleanup for Next Mark
[2022-05-24T12:00:42.255+0100][gc,marking    ] GC(2) Concurrent Cleanup for Next Mark 3,572ms
[2022-05-24T12:00:42.255+0100][gc            ] GC(2) Concurrent Cycle 16,702ms
[2022-05-24T12:00:42.847+0100][gc,start      ] GC(3) Pause Young (Normal) (G1 Evacuation Pause)
[2022-05-24T12:00:42.847+0100][gc,task       ] GC(3) Using 13 workers of 13 for evacuation
[2022-05-24T12:00:42.852+0100][gc,phases     ] GC(3)   Pre Evacuate Collection Set: 0,0ms
[2022-05-24T12:00:42.852+0100][gc,phases     ] GC(3)   Evacuate Collection Set: 3,6ms
[2022-05-24T12:00:42.852+0100][gc,phases     ] GC(3)   Post Evacuate Collection Set: 0,6ms
[2022-05-24T12:00:42.852+0100][gc,phases     ] GC(3)   Other: 0,3ms
[2022-05-24T12:00:42.852+0100][gc,heap       ] GC(3) Eden regions: 49->0(46)
[2022-05-24T12:00:42.852+0100][gc,heap       ] GC(3) Survivor regions: 2->5(7)
[2022-05-24T12:00:42.852+0100][gc,heap       ] GC(3) Old regions: 9->9
[2022-05-24T12:00:42.852+0100][gc,heap       ] GC(3) Humongous regions: 129->129
[2022-05-24T12:00:42.852+0100][gc,metaspace  ] GC(3) Metaspace: 29126K->29126K(1075200K)
[2022-05-24T12:00:42.852+0100][gc            ] GC(3) Pause Young (Normal) (G1 Evacuation Pause) 186M->140M(1024M) 4,680ms
[2022-05-24T12:00:42.852+0100][gc,cpu        ] GC(3) User=0,03s Sys=0,00s Real=0,00s
[2022-05-24T12:00:43.121+0100][gc,start      ] GC(4) Pause Young (Concurrent Start) (Metadata GC Threshold)
[2022-05-24T12:00:43.121+0100][gc,task       ] GC(4) Using 13 workers of 13 for evacuation
[2022-05-24T12:00:43.125+0100][gc,phases     ] GC(4)   Pre Evacuate Collection Set: 0,1ms
[2022-05-24T12:00:43.125+0100][gc,phases     ] GC(4)   Evacuate Collection Set: 3,6ms
[2022-05-24T12:00:43.126+0100][gc,phases     ] GC(4)   Post Evacuate Collection Set: 0,5ms
[2022-05-24T12:00:43.126+0100][gc,phases     ] GC(4)   Other: 0,3ms
[2022-05-24T12:00:43.126+0100][gc,heap       ] GC(4) Eden regions: 26->0(45)
[2022-05-24T12:00:43.126+0100][gc,heap       ] GC(4) Survivor regions: 5->6(7)
[2022-05-24T12:00:43.126+0100][gc,heap       ] GC(4) Old regions: 9->10
[2022-05-24T12:00:43.126+0100][gc,heap       ] GC(4) Humongous regions: 129->129
[2022-05-24T12:00:43.126+0100][gc,metaspace  ] GC(4) Metaspace: 34431K->34431K(1081344K)
[2022-05-24T12:00:43.126+0100][gc            ] GC(4) Pause Young (Concurrent Start) (Metadata GC Threshold) 165M->142M(1024M) 4,552ms
[2022-05-24T12:00:43.126+0100][gc,cpu        ] GC(4) User=0,03s Sys=0,00s Real=0,00s
[2022-05-24T12:00:43.126+0100][gc            ] GC(5) Concurrent Cycle
[2022-05-24T12:00:43.126+0100][gc,marking    ] GC(5) Concurrent Clear Claimed Marks
[2022-05-24T12:00:43.126+0100][gc,marking    ] GC(5) Concurrent Clear Claimed Marks 0,114ms
[2022-05-24T12:00:43.126+0100][gc,marking    ] GC(5) Concurrent Scan Root Regions
[2022-05-24T12:00:43.127+0100][gc,marking    ] GC(5) Concurrent Scan Root Regions 1,677ms
[2022-05-24T12:00:43.127+0100][gc,marking    ] GC(5) Concurrent Mark (2,610s)
[2022-05-24T12:00:43.127+0100][gc,marking    ] GC(5) Concurrent Mark From Roots
[2022-05-24T12:00:43.127+0100][gc,task       ] GC(5) Using 3 workers of 3 for marking
[2022-05-24T12:00:43.132+0100][gc,marking    ] GC(5) Concurrent Mark From Roots 4,762ms
[2022-05-24T12:00:43.132+0100][gc,marking    ] GC(5) Concurrent Preclean
[2022-05-24T12:00:43.133+0100][gc,marking    ] GC(5) Concurrent Preclean 0,127ms
[2022-05-24T12:00:43.133+0100][gc,marking    ] GC(5) Concurrent Mark (2,610s, 2,615s) 5,084ms
[2022-05-24T12:00:43.133+0100][gc,start      ] GC(5) Pause Remark
[2022-05-24T12:00:43.135+0100][gc,stringtable] GC(5) Cleaned string and symbol table, strings: 10361 processed, 10 removed, symbols: 82940 processed, 16 removed
[2022-05-24T12:00:43.136+0100][gc            ] GC(5) Pause Remark 142M->142M(1024M) 3,008ms
[2022-05-24T12:00:43.136+0100][gc,cpu        ] GC(5) User=0,02s Sys=0,00s Real=0,00s
[2022-05-24T12:00:43.136+0100][gc,marking    ] GC(5) Concurrent Rebuild Remembered Sets
[2022-05-24T12:00:43.138+0100][gc,marking    ] GC(5) Concurrent Rebuild Remembered Sets 2,398ms
[2022-05-24T12:00:43.139+0100][gc,start      ] GC(5) Pause Cleanup
[2022-05-24T12:00:43.139+0100][gc            ] GC(5) Pause Cleanup 142M->142M(1024M) 0,269ms
[2022-05-24T12:00:43.139+0100][gc,cpu        ] GC(5) User=0,00s Sys=0,00s Real=0,00s
[2022-05-24T12:00:43.139+0100][gc,marking    ] GC(5) Concurrent Cleanup for Next Mark
[2022-05-24T12:00:43.142+0100][gc,marking    ] GC(5) Concurrent Cleanup for Next Mark 2,704ms
[2022-05-24T12:00:43.142+0100][gc            ] GC(5) Concurrent Cycle 16,501ms
[2022-05-24T12:02:44.233+0100][gc,start      ] GC(6) Pause Young (Normal) (G1 Evacuation Pause)
[2022-05-24T12:02:44.233+0100][gc,task       ] GC(6) Using 13 workers of 13 for evacuation
[2022-05-24T12:02:44.241+0100][gc,phases     ] GC(6)   Pre Evacuate Collection Set: 0,0ms
[2022-05-24T12:02:44.241+0100][gc,phases     ] GC(6)   Evacuate Collection Set: 5,8ms
[2022-05-24T12:02:44.241+0100][gc,phases     ] GC(6)   Post Evacuate Collection Set: 1,7ms
[2022-05-24T12:02:44.241+0100][gc,phases     ] GC(6)   Other: 0,4ms
[2022-05-24T12:02:44.241+0100][gc,heap       ] GC(6) Eden regions: 45->0(46)
[2022-05-24T12:02:44.241+0100][gc,heap       ] GC(6) Survivor regions: 6->5(7)
[2022-05-24T12:02:44.241+0100][gc,heap       ] GC(6) Old regions: 10->13
[2022-05-24T12:02:44.241+0100][gc,heap       ] GC(6) Humongous regions: 129->129
[2022-05-24T12:02:44.241+0100][gc,metaspace  ] GC(6) Metaspace: 42438K->42438K(1087488K)
[2022-05-24T12:02:44.241+0100][gc            ] GC(6) Pause Young (Normal) (G1 Evacuation Pause) 187M->144M(1024M) 8,061ms
[2022-05-24T12:02:44.241+0100][gc,cpu        ] GC(6) User=0,06s Sys=0,00s Real=0,01s
[2022-05-24T12:03:39.029+0100][gc,start      ] GC(7) Pause Young (Normal) (G1 Evacuation Pause)
[2022-05-24T12:03:39.029+0100][gc,task       ] GC(7) Using 13 workers of 13 for evacuation
[2022-05-24T12:03:39.034+0100][gc,phases     ] GC(7)   Pre Evacuate Collection Set: 0,1ms
[2022-05-24T12:03:39.034+0100][gc,phases     ] GC(7)   Evacuate Collection Set: 2,9ms
[2022-05-24T12:03:39.034+0100][gc,phases     ] GC(7)   Post Evacuate Collection Set: 1,4ms
[2022-05-24T12:03:39.034+0100][gc,phases     ] GC(7)   Other: 0,5ms
[2022-05-24T12:03:39.034+0100][gc,heap       ] GC(7) Eden regions: 46->0(48)
[2022-05-24T12:03:39.034+0100][gc,heap       ] GC(7) Survivor regions: 5->3(7)
[2022-05-24T12:03:39.034+0100][gc,heap       ] GC(7) Old regions: 13->15
[2022-05-24T12:03:39.034+0100][gc,heap       ] GC(7) Humongous regions: 129->129
[2022-05-24T12:03:39.034+0100][gc,metaspace  ] GC(7) Metaspace: 43151K->43151K(1087488K)
[2022-05-24T12:03:39.034+0100][gc            ] GC(7) Pause Young (Normal) (G1 Evacuation Pause) 190M->145M(1024M) 4,851ms
[2022-05-24T12:03:39.034+0100][gc,cpu        ] GC(7) User=0,02s Sys=0,01s Real=0,01s
[2022-05-24T12:04:43.368+0100][gc,heap,exit  ] Heap
[2022-05-24T12:04:43.368+0100][gc,heap,exit  ]  garbage-first heap   total 1048576K, used 185549K [0x00000000c0000000, 0x0000000100000000)
[2022-05-24T12:04:43.368+0100][gc,heap,exit  ]   region size 1024K, 40 young (40960K), 3 survivors (3072K)
[2022-05-24T12:04:43.368+0100][gc,heap,exit  ]  Metaspace       used 44729K, capacity 47836K, committed 48000K, reserved 1089536K
[2022-05-24T12:04:43.368+0100][gc,heap,exit  ]   class space    used 6157K, capacity 7709K, committed 7808K, reserved 1048576K
