[2022-05-24T12:05:08.121+0100][gc,heap] Heap region size: 1M
[2022-05-24T12:05:08.129+0100][gc     ] Using G1
[2022-05-24T12:05:08.129+0100][gc,heap,coops] Heap address: 0x00000000c0000000, size: 1024 MB, Compressed Oops mode: 32-bit
[2022-05-24T12:05:08.130+0100][gc,cds       ] Mark closed archive regions in map: [0x00000000fff00000, 0x00000000fff6aff8]
[2022-05-24T12:05:08.130+0100][gc,cds       ] Mark open archive regions in map: [0x00000000ffe00000, 0x00000000ffe46ff8]
[2022-05-24T12:05:09.143+0100][gc,start     ] GC(0) Pause Young (Normal) (G1 Evacuation Pause)
[2022-05-24T12:05:09.147+0100][gc,task      ] GC(0) Using 13 workers of 13 for evacuation
[2022-05-24T12:05:09.156+0100][gc,phases    ] GC(0)   Pre Evacuate Collection Set: 0,0ms
[2022-05-24T12:05:09.156+0100][gc,phases    ] GC(0)   Evacuate Collection Set: 7,6ms
[2022-05-24T12:05:09.156+0100][gc,phases    ] GC(0)   Post Evacuate Collection Set: 0,9ms
[2022-05-24T12:05:09.156+0100][gc,phases    ] GC(0)   Other: 4,4ms
[2022-05-24T12:05:09.156+0100][gc,heap      ] GC(0) Eden regions: 51->0(44)
[2022-05-24T12:05:09.156+0100][gc,heap      ] GC(0) Survivor regions: 0->7(7)
[2022-05-24T12:05:09.156+0100][gc,heap      ] GC(0) Old regions: 2->2
[2022-05-24T12:05:09.156+0100][gc,heap      ] GC(0) Humongous regions: 0->0
[2022-05-24T12:05:09.156+0100][gc,metaspace ] GC(0) Metaspace: 14745K->14745K(1062912K)
[2022-05-24T12:05:09.156+0100][gc           ] GC(0) Pause Young (Normal) (G1 Evacuation Pause) 51M->7M(1024M) 13,092ms
[2022-05-24T12:05:09.156+0100][gc,cpu       ] GC(0) User=0,08s Sys=0,01s Real=0,01s
[2022-05-24T12:05:09.570+0100][gc,start     ] GC(1) Pause Young (Concurrent Start) (Metadata GC Threshold)
[2022-05-24T12:05:09.570+0100][gc,task      ] GC(1) Using 13 workers of 13 for evacuation
[2022-05-24T12:05:09.580+0100][gc,phases    ] GC(1)   Pre Evacuate Collection Set: 0,1ms
[2022-05-24T12:05:09.580+0100][gc,phases    ] GC(1)   Evacuate Collection Set: 8,0ms
[2022-05-24T12:05:09.580+0100][gc,phases    ] GC(1)   Post Evacuate Collection Set: 0,9ms
[2022-05-24T12:05:09.580+0100][gc,phases    ] GC(1)   Other: 0,4ms
[2022-05-24T12:05:09.580+0100][gc,heap      ] GC(1) Eden regions: 23->0(49)
[2022-05-24T12:05:09.580+0100][gc,heap      ] GC(1) Survivor regions: 7->2(7)
[2022-05-24T12:05:09.580+0100][gc,heap      ] GC(1) Old regions: 2->9
[2022-05-24T12:05:09.580+0100][gc,heap      ] GC(1) Humongous regions: 0->0
[2022-05-24T12:05:09.580+0100][gc,metaspace ] GC(1) Metaspace: 20501K->20501K(1067008K)
[2022-05-24T12:05:09.580+0100][gc           ] GC(1) Pause Young (Concurrent Start) (Metadata GC Threshold) 30M->8M(1024M) 9,521ms
[2022-05-24T12:05:09.580+0100][gc,cpu       ] GC(1) User=0,06s Sys=0,00s Real=0,01s
[2022-05-24T12:05:09.580+0100][gc           ] GC(2) Concurrent Cycle
[2022-05-24T12:05:09.580+0100][gc,marking   ] GC(2) Concurrent Clear Claimed Marks
[2022-05-24T12:05:09.580+0100][gc,marking   ] GC(2) Concurrent Clear Claimed Marks 0,095ms
[2022-05-24T12:05:09.580+0100][gc,marking   ] GC(2) Concurrent Scan Root Regions
[2022-05-24T12:05:09.582+0100][gc,marking   ] GC(2) Concurrent Scan Root Regions 2,040ms
[2022-05-24T12:05:09.582+0100][gc,marking   ] GC(2) Concurrent Mark (1,486s)
[2022-05-24T12:05:09.582+0100][gc,marking   ] GC(2) Concurrent Mark From Roots
[2022-05-24T12:05:09.583+0100][gc,task      ] GC(2) Using 3 workers of 3 for marking
[2022-05-24T12:05:09.587+0100][gc,marking   ] GC(2) Concurrent Mark From Roots 4,477ms
[2022-05-24T12:05:09.587+0100][gc,marking   ] GC(2) Concurrent Preclean
[2022-05-24T12:05:09.587+0100][gc,marking   ] GC(2) Concurrent Preclean 0,219ms
[2022-05-24T12:05:09.587+0100][gc,marking   ] GC(2) Concurrent Mark (1,486s, 1,491s) 4,910ms
[2022-05-24T12:05:09.588+0100][gc,start     ] GC(2) Pause Remark
[2022-05-24T12:05:09.590+0100][gc,stringtable] GC(2) Cleaned string and symbol table, strings: 5180 processed, 0 removed, symbols: 50255 processed, 40 removed
[2022-05-24T12:05:09.591+0100][gc            ] GC(2) Pause Remark 8M->8M(1024M) 3,402ms
[2022-05-24T12:05:09.591+0100][gc,cpu        ] GC(2) User=0,02s Sys=0,00s Real=0,00s
[2022-05-24T12:05:09.591+0100][gc,marking    ] GC(2) Concurrent Rebuild Remembered Sets
[2022-05-24T12:05:09.594+0100][gc,marking    ] GC(2) Concurrent Rebuild Remembered Sets 3,203ms
[2022-05-24T12:05:09.595+0100][gc,start      ] GC(2) Pause Cleanup
[2022-05-24T12:05:09.595+0100][gc            ] GC(2) Pause Cleanup 8M->8M(1024M) 0,463ms
[2022-05-24T12:05:09.595+0100][gc,cpu        ] GC(2) User=0,00s Sys=0,00s Real=0,00s
[2022-05-24T12:05:09.595+0100][gc,marking    ] GC(2) Concurrent Cleanup for Next Mark
[2022-05-24T12:05:09.599+0100][gc,marking    ] GC(2) Concurrent Cleanup for Next Mark 3,495ms
[2022-05-24T12:05:09.599+0100][gc            ] GC(2) Concurrent Cycle 19,085ms
[2022-05-24T12:05:10.238+0100][gc,start      ] GC(3) Pause Young (Normal) (G1 Evacuation Pause)
[2022-05-24T12:05:10.238+0100][gc,task       ] GC(3) Using 13 workers of 13 for evacuation
[2022-05-24T12:05:10.242+0100][gc,phases     ] GC(3)   Pre Evacuate Collection Set: 0,0ms
[2022-05-24T12:05:10.242+0100][gc,phases     ] GC(3)   Evacuate Collection Set: 2,1ms
[2022-05-24T12:05:10.242+0100][gc,phases     ] GC(3)   Post Evacuate Collection Set: 0,7ms
[2022-05-24T12:05:10.242+0100][gc,phases     ] GC(3)   Other: 0,2ms
[2022-05-24T12:05:10.242+0100][gc,heap       ] GC(3) Eden regions: 49->0(47)
[2022-05-24T12:05:10.242+0100][gc,heap       ] GC(3) Survivor regions: 2->4(7)
[2022-05-24T12:05:10.242+0100][gc,heap       ] GC(3) Old regions: 9->9
[2022-05-24T12:05:10.242+0100][gc,heap       ] GC(3) Humongous regions: 129->129
[2022-05-24T12:05:10.242+0100][gc,metaspace  ] GC(3) Metaspace: 29767K->29767K(1077248K)
[2022-05-24T12:05:10.242+0100][gc            ] GC(3) Pause Young (Normal) (G1 Evacuation Pause) 186M->139M(1024M) 3,214ms
[2022-05-24T12:05:10.242+0100][gc,cpu        ] GC(3) User=0,03s Sys=0,00s Real=0,01s
[2022-05-24T12:05:10.519+0100][gc,start      ] GC(4) Pause Young (Concurrent Start) (Metadata GC Threshold)
[2022-05-24T12:05:10.519+0100][gc,task       ] GC(4) Using 13 workers of 13 for evacuation
[2022-05-24T12:05:10.523+0100][gc,phases     ] GC(4)   Pre Evacuate Collection Set: 0,1ms
[2022-05-24T12:05:10.523+0100][gc,phases     ] GC(4)   Evacuate Collection Set: 3,2ms
[2022-05-24T12:05:10.523+0100][gc,phases     ] GC(4)   Post Evacuate Collection Set: 0,6ms
[2022-05-24T12:05:10.523+0100][gc,phases     ] GC(4)   Other: 0,3ms
[2022-05-24T12:05:10.523+0100][gc,heap       ] GC(4) Eden regions: 26->0(45)
[2022-05-24T12:05:10.523+0100][gc,heap       ] GC(4) Survivor regions: 4->6(7)
[2022-05-24T12:05:10.523+0100][gc,heap       ] GC(4) Old regions: 9->9
[2022-05-24T12:05:10.523+0100][gc,heap       ] GC(4) Humongous regions: 129->129
[2022-05-24T12:05:10.523+0100][gc,metaspace  ] GC(4) Metaspace: 34360K->34360K(1081344K)
[2022-05-24T12:05:10.523+0100][gc            ] GC(4) Pause Young (Concurrent Start) (Metadata GC Threshold) 165M->142M(1024M) 4,230ms
[2022-05-24T12:05:10.523+0100][gc,cpu        ] GC(4) User=0,04s Sys=0,00s Real=0,01s
[2022-05-24T12:05:10.523+0100][gc            ] GC(5) Concurrent Cycle
[2022-05-24T12:05:10.523+0100][gc,marking    ] GC(5) Concurrent Clear Claimed Marks
[2022-05-24T12:05:10.523+0100][gc,marking    ] GC(5) Concurrent Clear Claimed Marks 0,128ms
[2022-05-24T12:05:10.523+0100][gc,marking    ] GC(5) Concurrent Scan Root Regions
[2022-05-24T12:05:10.525+0100][gc,marking    ] GC(5) Concurrent Scan Root Regions 1,360ms
[2022-05-24T12:05:10.525+0100][gc,marking    ] GC(5) Concurrent Mark (2,429s)
[2022-05-24T12:05:10.525+0100][gc,marking    ] GC(5) Concurrent Mark From Roots
[2022-05-24T12:05:10.525+0100][gc,task       ] GC(5) Using 3 workers of 3 for marking
[2022-05-24T12:05:10.528+0100][gc,marking    ] GC(5) Concurrent Mark From Roots 3,677ms
[2022-05-24T12:05:10.529+0100][gc,marking    ] GC(5) Concurrent Preclean
[2022-05-24T12:05:10.529+0100][gc,marking    ] GC(5) Concurrent Preclean 0,143ms
[2022-05-24T12:05:10.529+0100][gc,marking    ] GC(5) Concurrent Mark (2,429s, 2,433s) 3,905ms
[2022-05-24T12:05:10.529+0100][gc,start      ] GC(5) Pause Remark
[2022-05-24T12:05:10.531+0100][gc,stringtable] GC(5) Cleaned string and symbol table, strings: 10423 processed, 11 removed, symbols: 81526 processed, 17 removed
[2022-05-24T12:05:10.532+0100][gc            ] GC(5) Pause Remark 142M->142M(1024M) 2,329ms
[2022-05-24T12:05:10.532+0100][gc,cpu        ] GC(5) User=0,02s Sys=0,00s Real=0,00s
[2022-05-24T12:05:10.532+0100][gc,marking    ] GC(5) Concurrent Rebuild Remembered Sets
[2022-05-24T12:05:10.533+0100][gc,marking    ] GC(5) Concurrent Rebuild Remembered Sets 1,794ms
[2022-05-24T12:05:10.534+0100][gc,start      ] GC(5) Pause Cleanup
[2022-05-24T12:05:10.534+0100][gc            ] GC(5) Pause Cleanup 143M->143M(1024M) 0,244ms
[2022-05-24T12:05:10.534+0100][gc,cpu        ] GC(5) User=0,00s Sys=0,00s Real=0,00s
[2022-05-24T12:05:10.534+0100][gc,marking    ] GC(5) Concurrent Cleanup for Next Mark
[2022-05-24T12:05:10.537+0100][gc,marking    ] GC(5) Concurrent Cleanup for Next Mark 2,815ms
[2022-05-24T12:05:10.537+0100][gc            ] GC(5) Concurrent Cycle 13,742ms
[2022-05-24T12:05:54.660+0100][gc,start      ] GC(6) Pause Young (Normal) (G1 Evacuation Pause)
[2022-05-24T12:05:54.660+0100][gc,task       ] GC(6) Using 13 workers of 13 for evacuation
[2022-05-24T12:05:54.666+0100][gc,phases     ] GC(6)   Pre Evacuate Collection Set: 0,0ms
[2022-05-24T12:05:54.666+0100][gc,phases     ] GC(6)   Evacuate Collection Set: 4,9ms
[2022-05-24T12:05:54.666+0100][gc,phases     ] GC(6)   Post Evacuate Collection Set: 1,4ms
[2022-05-24T12:05:54.666+0100][gc,phases     ] GC(6)   Other: 0,3ms
[2022-05-24T12:05:54.666+0100][gc,heap       ] GC(6) Eden regions: 45->0(47)
[2022-05-24T12:05:54.666+0100][gc,heap       ] GC(6) Survivor regions: 6->4(7)
[2022-05-24T12:05:54.666+0100][gc,heap       ] GC(6) Old regions: 9->11
[2022-05-24T12:05:54.666+0100][gc,heap       ] GC(6) Humongous regions: 129->0
[2022-05-24T12:05:54.666+0100][gc,metaspace  ] GC(6) Metaspace: 40882K->40882K(1085440K)
[2022-05-24T12:05:54.666+0100][gc            ] GC(6) Pause Young (Normal) (G1 Evacuation Pause) 187M->13M(1024M) 6,701ms
[2022-05-24T12:05:54.666+0100][gc,cpu        ] GC(6) User=0,06s Sys=0,00s Real=0,01s
[2022-05-24T12:05:54.681+0100][gc,heap,exit  ] Heap
[2022-05-24T12:05:54.681+0100][gc,heap,exit  ]  garbage-first heap   total 1048576K, used 14573K [0x00000000c0000000, 0x0000000100000000)
[2022-05-24T12:05:54.681+0100][gc,heap,exit  ]   region size 1024K, 6 young (6144K), 4 survivors (4096K)
[2022-05-24T12:05:54.681+0100][gc,heap,exit  ]  Metaspace       used 40916K, capacity 43263K, committed 43392K, reserved 1085440K
[2022-05-24T12:05:54.681+0100][gc,heap,exit  ]   class space    used 5350K, capacity 6516K, committed 6528K, reserved 1048576K
