[2022-05-24T12:05:22.981+0100][gc,heap] Heap region size: 1M
[2022-05-24T12:05:22.991+0100][gc     ] Using G1
[2022-05-24T12:05:22.991+0100][gc,heap,coops] Heap address: 0x00000000c0000000, size: 1024 MB, Compressed Oops mode: 32-bit
[2022-05-24T12:05:22.991+0100][gc,cds       ] Mark closed archive regions in map: [0x00000000fff00000, 0x00000000fff6aff8]
[2022-05-24T12:05:22.991+0100][gc,cds       ] Mark open archive regions in map: [0x00000000ffe00000, 0x00000000ffe46ff8]
[2022-05-24T12:05:23.730+0100][gc,start     ] GC(0) Pause Young (Normal) (G1 Evacuation Pause)
[2022-05-24T12:05:23.731+0100][gc,task      ] GC(0) Using 13 workers of 13 for evacuation
[2022-05-24T12:05:23.738+0100][gc,phases    ] GC(0)   Pre Evacuate Collection Set: 0,0ms
[2022-05-24T12:05:23.738+0100][gc,phases    ] GC(0)   Evacuate Collection Set: 6,5ms
[2022-05-24T12:05:23.738+0100][gc,phases    ] GC(0)   Post Evacuate Collection Set: 0,6ms
[2022-05-24T12:05:23.738+0100][gc,phases    ] GC(0)   Other: 1,4ms
[2022-05-24T12:05:23.738+0100][gc,heap      ] GC(0) Eden regions: 51->0(44)
[2022-05-24T12:05:23.738+0100][gc,heap      ] GC(0) Survivor regions: 0->7(7)
[2022-05-24T12:05:23.738+0100][gc,heap      ] GC(0) Old regions: 2->2
[2022-05-24T12:05:23.738+0100][gc,heap      ] GC(0) Humongous regions: 0->0
[2022-05-24T12:05:23.738+0100][gc,metaspace ] GC(0) Metaspace: 14711K->14711K(1062912K)
[2022-05-24T12:05:23.738+0100][gc           ] GC(0) Pause Young (Normal) (G1 Evacuation Pause) 51M->7M(1024M) 8,717ms
[2022-05-24T12:05:23.738+0100][gc,cpu       ] GC(0) User=0,06s Sys=0,01s Real=0,01s
[2022-05-24T12:05:24.060+0100][gc,start     ] GC(1) Pause Young (Concurrent Start) (Metadata GC Threshold)
[2022-05-24T12:05:24.060+0100][gc,task      ] GC(1) Using 13 workers of 13 for evacuation
[2022-05-24T12:05:24.066+0100][gc,phases    ] GC(1)   Pre Evacuate Collection Set: 0,1ms
[2022-05-24T12:05:24.066+0100][gc,phases    ] GC(1)   Evacuate Collection Set: 6,0ms
[2022-05-24T12:05:24.066+0100][gc,phases    ] GC(1)   Post Evacuate Collection Set: 0,6ms
[2022-05-24T12:05:24.066+0100][gc,phases    ] GC(1)   Other: 0,2ms
[2022-05-24T12:05:24.066+0100][gc,heap      ] GC(1) Eden regions: 24->0(49)
[2022-05-24T12:05:24.066+0100][gc,heap      ] GC(1) Survivor regions: 7->2(7)
[2022-05-24T12:05:24.066+0100][gc,heap      ] GC(1) Old regions: 2->9
[2022-05-24T12:05:24.066+0100][gc,heap      ] GC(1) Humongous regions: 0->0
[2022-05-24T12:05:24.066+0100][gc,metaspace ] GC(1) Metaspace: 20500K->20500K(1067008K)
[2022-05-24T12:05:24.066+0100][gc           ] GC(1) Pause Young (Concurrent Start) (Metadata GC Threshold) 30M->8M(1024M) 6,941ms
[2022-05-24T12:05:24.066+0100][gc,cpu       ] GC(1) User=0,05s Sys=0,00s Real=0,01s
[2022-05-24T12:05:24.067+0100][gc           ] GC(2) Concurrent Cycle
[2022-05-24T12:05:24.067+0100][gc,marking   ] GC(2) Concurrent Clear Claimed Marks
[2022-05-24T12:05:24.067+0100][gc,marking   ] GC(2) Concurrent Clear Claimed Marks 0,069ms
[2022-05-24T12:05:24.067+0100][gc,marking   ] GC(2) Concurrent Scan Root Regions
[2022-05-24T12:05:24.068+0100][gc,marking   ] GC(2) Concurrent Scan Root Regions 0,968ms
[2022-05-24T12:05:24.068+0100][gc,marking   ] GC(2) Concurrent Mark (1,110s)
[2022-05-24T12:05:24.068+0100][gc,marking   ] GC(2) Concurrent Mark From Roots
[2022-05-24T12:05:24.068+0100][gc,task      ] GC(2) Using 3 workers of 3 for marking
[2022-05-24T12:05:24.071+0100][gc,marking   ] GC(2) Concurrent Mark From Roots 3,101ms
[2022-05-24T12:05:24.071+0100][gc,marking   ] GC(2) Concurrent Preclean
[2022-05-24T12:05:24.071+0100][gc,marking   ] GC(2) Concurrent Preclean 0,114ms
[2022-05-24T12:05:24.071+0100][gc,marking   ] GC(2) Concurrent Mark (1,110s, 1,113s) 3,264ms
[2022-05-24T12:05:24.071+0100][gc,start     ] GC(2) Pause Remark
[2022-05-24T12:05:24.073+0100][gc,stringtable] GC(2) Cleaned string and symbol table, strings: 5174 processed, 0 removed, symbols: 50207 processed, 40 removed
[2022-05-24T12:05:24.074+0100][gc            ] GC(2) Pause Remark 8M->8M(1024M) 2,587ms
[2022-05-24T12:05:24.074+0100][gc,cpu        ] GC(2) User=0,02s Sys=0,00s Real=0,01s
[2022-05-24T12:05:24.074+0100][gc,marking    ] GC(2) Concurrent Rebuild Remembered Sets
[2022-05-24T12:05:24.075+0100][gc,marking    ] GC(2) Concurrent Rebuild Remembered Sets 1,617ms
[2022-05-24T12:05:24.076+0100][gc,start      ] GC(2) Pause Cleanup
[2022-05-24T12:05:24.076+0100][gc            ] GC(2) Pause Cleanup 8M->8M(1024M) 0,208ms
[2022-05-24T12:05:24.076+0100][gc,cpu        ] GC(2) User=0,00s Sys=0,00s Real=0,00s
[2022-05-24T12:05:24.076+0100][gc,marking    ] GC(2) Concurrent Cleanup for Next Mark
[2022-05-24T12:05:24.079+0100][gc,marking    ] GC(2) Concurrent Cleanup for Next Mark 2,888ms
[2022-05-24T12:05:24.079+0100][gc            ] GC(2) Concurrent Cycle 12,319ms
[2022-05-24T12:05:24.654+0100][gc,start      ] GC(3) Pause Young (Normal) (G1 Evacuation Pause)
[2022-05-24T12:05:24.654+0100][gc,task       ] GC(3) Using 13 workers of 13 for evacuation
[2022-05-24T12:05:24.657+0100][gc,phases     ] GC(3)   Pre Evacuate Collection Set: 0,0ms
[2022-05-24T12:05:24.657+0100][gc,phases     ] GC(3)   Evacuate Collection Set: 2,6ms
[2022-05-24T12:05:24.657+0100][gc,phases     ] GC(3)   Post Evacuate Collection Set: 0,6ms
[2022-05-24T12:05:24.657+0100][gc,phases     ] GC(3)   Other: 0,2ms
[2022-05-24T12:05:24.657+0100][gc,heap       ] GC(3) Eden regions: 49->0(46)
[2022-05-24T12:05:24.657+0100][gc,heap       ] GC(3) Survivor regions: 2->5(7)
[2022-05-24T12:05:24.657+0100][gc,heap       ] GC(3) Old regions: 9->9
[2022-05-24T12:05:24.657+0100][gc,heap       ] GC(3) Humongous regions: 129->129
[2022-05-24T12:05:24.657+0100][gc,metaspace  ] GC(3) Metaspace: 29265K->29265K(1075200K)
[2022-05-24T12:05:24.658+0100][gc            ] GC(3) Pause Young (Normal) (G1 Evacuation Pause) 186M->140M(1024M) 3,415ms
[2022-05-24T12:05:24.658+0100][gc,cpu        ] GC(3) User=0,03s Sys=0,00s Real=0,00s
[2022-05-24T12:05:24.936+0100][gc,start      ] GC(4) Pause Young (Concurrent Start) (Metadata GC Threshold)
[2022-05-24T12:05:24.936+0100][gc,task       ] GC(4) Using 13 workers of 13 for evacuation
[2022-05-24T12:05:24.941+0100][gc,phases     ] GC(4)   Pre Evacuate Collection Set: 0,1ms
[2022-05-24T12:05:24.941+0100][gc,phases     ] GC(4)   Evacuate Collection Set: 4,3ms
[2022-05-24T12:05:24.941+0100][gc,phases     ] GC(4)   Post Evacuate Collection Set: 0,9ms
[2022-05-24T12:05:24.941+0100][gc,phases     ] GC(4)   Other: 0,3ms
[2022-05-24T12:05:24.941+0100][gc,heap       ] GC(4) Eden regions: 25->0(45)
[2022-05-24T12:05:24.941+0100][gc,heap       ] GC(4) Survivor regions: 5->6(7)
[2022-05-24T12:05:24.941+0100][gc,heap       ] GC(4) Old regions: 9->10
[2022-05-24T12:05:24.941+0100][gc,heap       ] GC(4) Humongous regions: 129->129
[2022-05-24T12:05:24.941+0100][gc,metaspace  ] GC(4) Metaspace: 34489K->34489K(1081344K)
[2022-05-24T12:05:24.941+0100][gc            ] GC(4) Pause Young (Concurrent Start) (Metadata GC Threshold) 165M->142M(1024M) 5,681ms
[2022-05-24T12:05:24.941+0100][gc,cpu        ] GC(4) User=0,05s Sys=0,00s Real=0,01s
[2022-05-24T12:05:24.941+0100][gc            ] GC(5) Concurrent Cycle
[2022-05-24T12:05:24.941+0100][gc,marking    ] GC(5) Concurrent Clear Claimed Marks
[2022-05-24T12:05:24.941+0100][gc,marking    ] GC(5) Concurrent Clear Claimed Marks 0,120ms
[2022-05-24T12:05:24.941+0100][gc,marking    ] GC(5) Concurrent Scan Root Regions
[2022-05-24T12:05:24.943+0100][gc,marking    ] GC(5) Concurrent Scan Root Regions 1,254ms
[2022-05-24T12:05:24.943+0100][gc,marking    ] GC(5) Concurrent Mark (1,985s)
[2022-05-24T12:05:24.943+0100][gc,marking    ] GC(5) Concurrent Mark From Roots
[2022-05-24T12:05:24.943+0100][gc,task       ] GC(5) Using 3 workers of 3 for marking
[2022-05-24T12:05:24.946+0100][gc,marking    ] GC(5) Concurrent Mark From Roots 3,433ms
[2022-05-24T12:05:24.946+0100][gc,marking    ] GC(5) Concurrent Preclean
[2022-05-24T12:05:24.946+0100][gc,marking    ] GC(5) Concurrent Preclean 0,138ms
[2022-05-24T12:05:24.946+0100][gc,marking    ] GC(5) Concurrent Mark (1,985s, 1,989s) 3,681ms
[2022-05-24T12:05:24.947+0100][gc,start      ] GC(5) Pause Remark
[2022-05-24T12:05:24.949+0100][gc,stringtable] GC(5) Cleaned string and symbol table, strings: 10402 processed, 11 removed, symbols: 83447 processed, 15 removed
[2022-05-24T12:05:24.949+0100][gc            ] GC(5) Pause Remark 142M->142M(1024M) 2,453ms
[2022-05-24T12:05:24.949+0100][gc,cpu        ] GC(5) User=0,03s Sys=0,00s Real=0,00s
[2022-05-24T12:05:24.949+0100][gc,marking    ] GC(5) Concurrent Rebuild Remembered Sets
[2022-05-24T12:05:24.951+0100][gc,marking    ] GC(5) Concurrent Rebuild Remembered Sets 1,687ms
[2022-05-24T12:05:24.951+0100][gc,start      ] GC(5) Pause Cleanup
[2022-05-24T12:05:24.951+0100][gc            ] GC(5) Pause Cleanup 143M->143M(1024M) 0,256ms
[2022-05-24T12:05:24.951+0100][gc,cpu        ] GC(5) User=0,00s Sys=0,00s Real=0,00s
[2022-05-24T12:05:24.951+0100][gc,marking    ] GC(5) Concurrent Cleanup for Next Mark
[2022-05-24T12:05:24.954+0100][gc,marking    ] GC(5) Concurrent Cleanup for Next Mark 2,212ms
[2022-05-24T12:05:24.954+0100][gc            ] GC(5) Concurrent Cycle 12,532ms
[2022-05-24T12:05:50.157+0100][gc,heap,exit  ] Heap
[2022-05-24T12:05:50.157+0100][gc,heap,exit  ]  garbage-first heap   total 1048576K, used 162042K [0x00000000c0000000, 0x0000000100000000)
[2022-05-24T12:05:50.157+0100][gc,heap,exit  ]   region size 1024K, 23 young (23552K), 6 survivors (6144K)
[2022-05-24T12:05:50.157+0100][gc,heap,exit  ]  Metaspace       used 36489K, capacity 38021K, committed 38144K, reserved 1083392K
[2022-05-24T12:05:50.157+0100][gc,heap,exit  ]   class space    used 4373K, capacity 5073K, committed 5120K, reserved 1048576K
