[2022-05-24T12:01:31.803+0100][gc,heap] Heap region size: 1M
[2022-05-24T12:01:31.811+0100][gc     ] Using G1
[2022-05-24T12:01:31.811+0100][gc,heap,coops] Heap address: 0x00000000c0000000, size: 1024 MB, Compressed Oops mode: 32-bit
[2022-05-24T12:01:31.811+0100][gc,cds       ] Mark closed archive regions in map: [0x00000000fff00000, 0x00000000fff6aff8]
[2022-05-24T12:01:31.811+0100][gc,cds       ] Mark open archive regions in map: [0x00000000ffe00000, 0x00000000ffe46ff8]
[2022-05-24T12:01:32.832+0100][gc,start     ] GC(0) Pause Young (Normal) (G1 Evacuation Pause)
[2022-05-24T12:01:32.834+0100][gc,task      ] GC(0) Using 13 workers of 13 for evacuation
[2022-05-24T12:01:32.841+0100][gc,phases    ] GC(0)   Pre Evacuate Collection Set: 0,0ms
[2022-05-24T12:01:32.841+0100][gc,phases    ] GC(0)   Evacuate Collection Set: 5,7ms
[2022-05-24T12:01:32.841+0100][gc,phases    ] GC(0)   Post Evacuate Collection Set: 1,1ms
[2022-05-24T12:01:32.841+0100][gc,phases    ] GC(0)   Other: 2,3ms
[2022-05-24T12:01:32.841+0100][gc,heap      ] GC(0) Eden regions: 51->0(44)
[2022-05-24T12:01:32.841+0100][gc,heap      ] GC(0) Survivor regions: 0->7(7)
[2022-05-24T12:01:32.841+0100][gc,heap      ] GC(0) Old regions: 2->2
[2022-05-24T12:01:32.841+0100][gc,heap      ] GC(0) Humongous regions: 0->0
[2022-05-24T12:01:32.841+0100][gc,metaspace ] GC(0) Metaspace: 14985K->14985K(1062912K)
[2022-05-24T12:01:32.841+0100][gc           ] GC(0) Pause Young (Normal) (G1 Evacuation Pause) 51M->7M(1024M) 9,236ms
[2022-05-24T12:01:32.841+0100][gc,cpu       ] GC(0) User=0,05s Sys=0,02s Real=0,02s
[2022-05-24T12:01:33.254+0100][gc,start     ] GC(1) Pause Young (Concurrent Start) (Metadata GC Threshold)
[2022-05-24T12:01:33.254+0100][gc,task      ] GC(1) Using 13 workers of 13 for evacuation
[2022-05-24T12:01:33.266+0100][gc,phases    ] GC(1)   Pre Evacuate Collection Set: 0,1ms
[2022-05-24T12:01:33.266+0100][gc,phases    ] GC(1)   Evacuate Collection Set: 10,9ms
[2022-05-24T12:01:33.266+0100][gc,phases    ] GC(1)   Post Evacuate Collection Set: 0,9ms
[2022-05-24T12:01:33.266+0100][gc,phases    ] GC(1)   Other: 0,4ms
[2022-05-24T12:01:33.266+0100][gc,heap      ] GC(1) Eden regions: 23->0(49)
[2022-05-24T12:01:33.266+0100][gc,heap      ] GC(1) Survivor regions: 7->2(7)
[2022-05-24T12:01:33.266+0100][gc,heap      ] GC(1) Old regions: 2->9
[2022-05-24T12:01:33.266+0100][gc,heap      ] GC(1) Humongous regions: 0->0
[2022-05-24T12:01:33.266+0100][gc,metaspace ] GC(1) Metaspace: 20571K->20571K(1067008K)
[2022-05-24T12:01:33.266+0100][gc           ] GC(1) Pause Young (Concurrent Start) (Metadata GC Threshold) 30M->8M(1024M) 12,363ms
[2022-05-24T12:01:33.266+0100][gc,cpu       ] GC(1) User=0,08s Sys=0,01s Real=0,01s
[2022-05-24T12:01:33.267+0100][gc           ] GC(2) Concurrent Cycle
[2022-05-24T12:01:33.267+0100][gc,marking   ] GC(2) Concurrent Clear Claimed Marks
[2022-05-24T12:01:33.267+0100][gc,marking   ] GC(2) Concurrent Clear Claimed Marks 0,095ms
[2022-05-24T12:01:33.267+0100][gc,marking   ] GC(2) Concurrent Scan Root Regions
[2022-05-24T12:01:33.268+0100][gc,marking   ] GC(2) Concurrent Scan Root Regions 1,394ms
[2022-05-24T12:01:33.268+0100][gc,marking   ] GC(2) Concurrent Mark (1,471s)
[2022-05-24T12:01:33.268+0100][gc,marking   ] GC(2) Concurrent Mark From Roots
[2022-05-24T12:01:33.269+0100][gc,task      ] GC(2) Using 3 workers of 3 for marking
[2022-05-24T12:01:33.274+0100][gc,marking   ] GC(2) Concurrent Mark From Roots 5,208ms
[2022-05-24T12:01:33.274+0100][gc,marking   ] GC(2) Concurrent Preclean
[2022-05-24T12:01:33.274+0100][gc,marking   ] GC(2) Concurrent Preclean 0,225ms
[2022-05-24T12:01:33.274+0100][gc,marking   ] GC(2) Concurrent Mark (1,471s, 1,477s) 5,586ms
[2022-05-24T12:01:33.274+0100][gc,start     ] GC(2) Pause Remark
[2022-05-24T12:01:33.277+0100][gc,stringtable] GC(2) Cleaned string and symbol table, strings: 5181 processed, 0 removed, symbols: 50258 processed, 40 removed
[2022-05-24T12:01:33.278+0100][gc            ] GC(2) Pause Remark 8M->8M(1024M) 3,416ms
[2022-05-24T12:01:33.278+0100][gc,cpu        ] GC(2) User=0,02s Sys=0,00s Real=0,00s
[2022-05-24T12:01:33.278+0100][gc,marking    ] GC(2) Concurrent Rebuild Remembered Sets
[2022-05-24T12:01:33.280+0100][gc,marking    ] GC(2) Concurrent Rebuild Remembered Sets 1,989ms
[2022-05-24T12:01:33.281+0100][gc,start      ] GC(2) Pause Cleanup
[2022-05-24T12:01:33.281+0100][gc            ] GC(2) Pause Cleanup 8M->8M(1024M) 0,430ms
[2022-05-24T12:01:33.281+0100][gc,cpu        ] GC(2) User=0,00s Sys=0,00s Real=0,00s
[2022-05-24T12:01:33.281+0100][gc,marking    ] GC(2) Concurrent Cleanup for Next Mark
[2022-05-24T12:01:33.284+0100][gc,marking    ] GC(2) Concurrent Cleanup for Next Mark 3,217ms
[2022-05-24T12:01:33.285+0100][gc            ] GC(2) Concurrent Cycle 18,225ms
[2022-05-24T12:01:33.907+0100][gc,start      ] GC(3) Pause Young (Normal) (G1 Evacuation Pause)
[2022-05-24T12:01:33.907+0100][gc,task       ] GC(3) Using 13 workers of 13 for evacuation
[2022-05-24T12:01:33.911+0100][gc,phases     ] GC(3)   Pre Evacuate Collection Set: 0,0ms
[2022-05-24T12:01:33.911+0100][gc,phases     ] GC(3)   Evacuate Collection Set: 2,6ms
[2022-05-24T12:01:33.911+0100][gc,phases     ] GC(3)   Post Evacuate Collection Set: 0,8ms
[2022-05-24T12:01:33.911+0100][gc,phases     ] GC(3)   Other: 0,3ms
[2022-05-24T12:01:33.911+0100][gc,heap       ] GC(3) Eden regions: 49->0(46)
[2022-05-24T12:01:33.911+0100][gc,heap       ] GC(3) Survivor regions: 2->5(7)
[2022-05-24T12:01:33.911+0100][gc,heap       ] GC(3) Old regions: 9->9
[2022-05-24T12:01:33.911+0100][gc,heap       ] GC(3) Humongous regions: 129->129
[2022-05-24T12:01:33.911+0100][gc,metaspace  ] GC(3) Metaspace: 29202K->29202K(1075200K)
[2022-05-24T12:01:33.911+0100][gc            ] GC(3) Pause Young (Normal) (G1 Evacuation Pause) 186M->140M(1024M) 3,731ms
[2022-05-24T12:01:33.911+0100][gc,cpu        ] GC(3) User=0,03s Sys=0,00s Real=0,00s
[2022-05-24T12:01:34.216+0100][gc,start      ] GC(4) Pause Young (Concurrent Start) (Metadata GC Threshold)
[2022-05-24T12:01:34.216+0100][gc,task       ] GC(4) Using 13 workers of 13 for evacuation
[2022-05-24T12:01:34.221+0100][gc,phases     ] GC(4)   Pre Evacuate Collection Set: 0,2ms
[2022-05-24T12:01:34.221+0100][gc,phases     ] GC(4)   Evacuate Collection Set: 4,4ms
[2022-05-24T12:01:34.221+0100][gc,phases     ] GC(4)   Post Evacuate Collection Set: 0,6ms
[2022-05-24T12:01:34.221+0100][gc,phases     ] GC(4)   Other: 0,4ms
[2022-05-24T12:01:34.222+0100][gc,heap       ] GC(4) Eden regions: 27->0(45)
[2022-05-24T12:01:34.222+0100][gc,heap       ] GC(4) Survivor regions: 5->6(7)
[2022-05-24T12:01:34.222+0100][gc,heap       ] GC(4) Old regions: 9->10
[2022-05-24T12:01:34.222+0100][gc,heap       ] GC(4) Humongous regions: 129->129
[2022-05-24T12:01:34.222+0100][gc,metaspace  ] GC(4) Metaspace: 34443K->34443K(1081344K)
[2022-05-24T12:01:34.222+0100][gc            ] GC(4) Pause Young (Concurrent Start) (Metadata GC Threshold) 166M->142M(1024M) 5,561ms
[2022-05-24T12:01:34.222+0100][gc,cpu        ] GC(4) User=0,06s Sys=0,00s Real=0,01s
[2022-05-24T12:01:34.222+0100][gc            ] GC(5) Concurrent Cycle
[2022-05-24T12:01:34.222+0100][gc,marking    ] GC(5) Concurrent Clear Claimed Marks
[2022-05-24T12:01:34.222+0100][gc,marking    ] GC(5) Concurrent Clear Claimed Marks 0,121ms
[2022-05-24T12:01:34.222+0100][gc,marking    ] GC(5) Concurrent Scan Root Regions
[2022-05-24T12:01:34.223+0100][gc,marking    ] GC(5) Concurrent Scan Root Regions 1,273ms
[2022-05-24T12:01:34.223+0100][gc,marking    ] GC(5) Concurrent Mark (2,426s)
[2022-05-24T12:01:34.223+0100][gc,marking    ] GC(5) Concurrent Mark From Roots
[2022-05-24T12:01:34.223+0100][gc,task       ] GC(5) Using 3 workers of 3 for marking
[2022-05-24T12:01:34.227+0100][gc,marking    ] GC(5) Concurrent Mark From Roots 4,005ms
[2022-05-24T12:01:34.227+0100][gc,marking    ] GC(5) Concurrent Preclean
[2022-05-24T12:01:34.227+0100][gc,marking    ] GC(5) Concurrent Preclean 0,093ms
[2022-05-24T12:01:34.227+0100][gc,marking    ] GC(5) Concurrent Mark (2,426s, 2,430s) 4,176ms
[2022-05-24T12:01:34.228+0100][gc,start      ] GC(5) Pause Remark
[2022-05-24T12:01:34.230+0100][gc,stringtable] GC(5) Cleaned string and symbol table, strings: 10400 processed, 11 removed, symbols: 83627 processed, 16 removed
[2022-05-24T12:01:34.230+0100][gc            ] GC(5) Pause Remark 143M->143M(1024M) 2,600ms
[2022-05-24T12:01:34.230+0100][gc,cpu        ] GC(5) User=0,03s Sys=0,00s Real=0,00s
[2022-05-24T12:01:34.230+0100][gc,marking    ] GC(5) Concurrent Rebuild Remembered Sets
[2022-05-24T12:01:34.233+0100][gc,marking    ] GC(5) Concurrent Rebuild Remembered Sets 2,042ms
[2022-05-24T12:01:34.233+0100][gc,start      ] GC(5) Pause Cleanup
[2022-05-24T12:01:34.233+0100][gc            ] GC(5) Pause Cleanup 143M->143M(1024M) 0,317ms
[2022-05-24T12:01:34.233+0100][gc,cpu        ] GC(5) User=0,01s Sys=0,00s Real=0,00s
[2022-05-24T12:01:34.233+0100][gc,marking    ] GC(5) Concurrent Cleanup for Next Mark
[2022-05-24T12:01:34.236+0100][gc,marking    ] GC(5) Concurrent Cleanup for Next Mark 2,571ms
[2022-05-24T12:01:34.236+0100][gc            ] GC(5) Concurrent Cycle 14,281ms
[2022-05-24T12:02:58.815+0100][gc,start      ] GC(6) Pause Young (Normal) (G1 Evacuation Pause)
[2022-05-24T12:02:58.815+0100][gc,task       ] GC(6) Using 13 workers of 13 for evacuation
[2022-05-24T12:02:58.820+0100][gc,phases     ] GC(6)   Pre Evacuate Collection Set: 0,0ms
[2022-05-24T12:02:58.820+0100][gc,phases     ] GC(6)   Evacuate Collection Set: 3,7ms
[2022-05-24T12:02:58.820+0100][gc,phases     ] GC(6)   Post Evacuate Collection Set: 0,7ms
[2022-05-24T12:02:58.820+0100][gc,phases     ] GC(6)   Other: 0,3ms
[2022-05-24T12:02:58.820+0100][gc,heap       ] GC(6) Eden regions: 45->0(47)
[2022-05-24T12:02:58.820+0100][gc,heap       ] GC(6) Survivor regions: 6->4(7)
[2022-05-24T12:02:58.820+0100][gc,heap       ] GC(6) Old regions: 10->13
[2022-05-24T12:02:58.820+0100][gc,heap       ] GC(6) Humongous regions: 129->129
[2022-05-24T12:02:58.820+0100][gc,metaspace  ] GC(6) Metaspace: 39757K->39757K(1085440K)
[2022-05-24T12:02:58.820+0100][gc            ] GC(6) Pause Young (Normal) (G1 Evacuation Pause) 187M->143M(1024M) 4,774ms
[2022-05-24T12:02:58.820+0100][gc,cpu        ] GC(6) User=0,03s Sys=0,00s Real=0,00s
[2022-05-24T12:04:14.650+0100][gc,start      ] GC(7) Pause Young (Normal) (G1 Evacuation Pause)
[2022-05-24T12:04:14.650+0100][gc,task       ] GC(7) Using 13 workers of 13 for evacuation
[2022-05-24T12:04:14.654+0100][gc,phases     ] GC(7)   Pre Evacuate Collection Set: 0,1ms
[2022-05-24T12:04:14.654+0100][gc,phases     ] GC(7)   Evacuate Collection Set: 2,1ms
[2022-05-24T12:04:14.654+0100][gc,phases     ] GC(7)   Post Evacuate Collection Set: 0,8ms
[2022-05-24T12:04:14.654+0100][gc,phases     ] GC(7)   Other: 0,5ms
[2022-05-24T12:04:14.654+0100][gc,heap       ] GC(7) Eden regions: 47->0(47)
[2022-05-24T12:04:14.654+0100][gc,heap       ] GC(7) Survivor regions: 4->4(7)
[2022-05-24T12:04:14.654+0100][gc,heap       ] GC(7) Old regions: 13->13
[2022-05-24T12:04:14.654+0100][gc,heap       ] GC(7) Humongous regions: 129->129
[2022-05-24T12:04:14.654+0100][gc,metaspace  ] GC(7) Metaspace: 39905K->39905K(1085440K)
[2022-05-24T12:04:14.654+0100][gc            ] GC(7) Pause Young (Normal) (G1 Evacuation Pause) 190M->143M(1024M) 3,553ms
[2022-05-24T12:04:14.654+0100][gc,cpu        ] GC(7) User=0,03s Sys=0,00s Real=0,01s
[2022-05-24T12:04:42.396+0100][gc,heap,exit  ] Heap
[2022-05-24T12:04:42.396+0100][gc,heap,exit  ]  garbage-first heap   total 1048576K, used 173733K [0x00000000c0000000, 0x0000000100000000)
[2022-05-24T12:04:42.396+0100][gc,heap,exit  ]   region size 1024K, 31 young (31744K), 4 survivors (4096K)
[2022-05-24T12:04:42.396+0100][gc,heap,exit  ]  Metaspace       used 42413K, capacity 44911K, committed 45184K, reserved 1087488K
[2022-05-24T12:04:42.396+0100][gc,heap,exit  ]   class space    used 5485K, capacity 6723K, committed 6784K, reserved 1048576K
