[2022-05-24T12:01:36.817+0100][gc,heap] Heap region size: 1M
[2022-05-24T12:01:36.831+0100][gc     ] Using G1
[2022-05-24T12:01:36.831+0100][gc,heap,coops] Heap address: 0x00000000c0000000, size: 1024 MB, Compressed Oops mode: 32-bit
[2022-05-24T12:01:36.831+0100][gc,cds       ] Mark closed archive regions in map: [0x00000000fff00000, 0x00000000fff6aff8]
[2022-05-24T12:01:36.831+0100][gc,cds       ] Mark open archive regions in map: [0x00000000ffe00000, 0x00000000ffe46ff8]
[2022-05-24T12:01:37.836+0100][gc,start     ] GC(0) Pause Young (Normal) (G1 Evacuation Pause)
[2022-05-24T12:01:37.840+0100][gc,task      ] GC(0) Using 13 workers of 13 for evacuation
[2022-05-24T12:01:37.847+0100][gc,phases    ] GC(0)   Pre Evacuate Collection Set: 0,0ms
[2022-05-24T12:01:37.847+0100][gc,phases    ] GC(0)   Evacuate Collection Set: 6,0ms
[2022-05-24T12:01:37.847+0100][gc,phases    ] GC(0)   Post Evacuate Collection Set: 1,0ms
[2022-05-24T12:01:37.847+0100][gc,phases    ] GC(0)   Other: 3,9ms
[2022-05-24T12:01:37.847+0100][gc,heap      ] GC(0) Eden regions: 51->0(44)
[2022-05-24T12:01:37.847+0100][gc,heap      ] GC(0) Survivor regions: 0->7(7)
[2022-05-24T12:01:37.847+0100][gc,heap      ] GC(0) Old regions: 2->2
[2022-05-24T12:01:37.847+0100][gc,heap      ] GC(0) Humongous regions: 0->0
[2022-05-24T12:01:37.847+0100][gc,metaspace ] GC(0) Metaspace: 14980K->14980K(1062912K)
[2022-05-24T12:01:37.847+0100][gc           ] GC(0) Pause Young (Normal) (G1 Evacuation Pause) 51M->7M(1024M) 10,997ms
[2022-05-24T12:01:37.847+0100][gc,cpu       ] GC(0) User=0,06s Sys=0,00s Real=0,01s
[2022-05-24T12:01:38.246+0100][gc,start     ] GC(1) Pause Young (Concurrent Start) (Metadata GC Threshold)
[2022-05-24T12:01:38.247+0100][gc,task      ] GC(1) Using 13 workers of 13 for evacuation
[2022-05-24T12:01:38.259+0100][gc,phases    ] GC(1)   Pre Evacuate Collection Set: 0,1ms
[2022-05-24T12:01:38.259+0100][gc,phases    ] GC(1)   Evacuate Collection Set: 10,7ms
[2022-05-24T12:01:38.259+0100][gc,phases    ] GC(1)   Post Evacuate Collection Set: 1,2ms
[2022-05-24T12:01:38.259+0100][gc,phases    ] GC(1)   Other: 0,4ms
[2022-05-24T12:01:38.259+0100][gc,heap      ] GC(1) Eden regions: 23->0(49)
[2022-05-24T12:01:38.259+0100][gc,heap      ] GC(1) Survivor regions: 7->2(7)
[2022-05-24T12:01:38.259+0100][gc,heap      ] GC(1) Old regions: 2->9
[2022-05-24T12:01:38.259+0100][gc,heap      ] GC(1) Humongous regions: 0->0
[2022-05-24T12:01:38.259+0100][gc,metaspace ] GC(1) Metaspace: 20523K->20523K(1067008K)
[2022-05-24T12:01:38.259+0100][gc           ] GC(1) Pause Young (Concurrent Start) (Metadata GC Threshold) 30M->8M(1024M) 12,523ms
[2022-05-24T12:01:38.259+0100][gc,cpu       ] GC(1) User=0,06s Sys=0,01s Real=0,01s
[2022-05-24T12:01:38.259+0100][gc           ] GC(2) Concurrent Cycle
[2022-05-24T12:01:38.259+0100][gc,marking   ] GC(2) Concurrent Clear Claimed Marks
[2022-05-24T12:01:38.259+0100][gc,marking   ] GC(2) Concurrent Clear Claimed Marks 0,117ms
[2022-05-24T12:01:38.259+0100][gc,marking   ] GC(2) Concurrent Scan Root Regions
[2022-05-24T12:01:38.262+0100][gc,marking   ] GC(2) Concurrent Scan Root Regions 2,235ms
[2022-05-24T12:01:38.262+0100][gc,marking   ] GC(2) Concurrent Mark (1,473s)
[2022-05-24T12:01:38.262+0100][gc,marking   ] GC(2) Concurrent Mark From Roots
[2022-05-24T12:01:38.262+0100][gc,task      ] GC(2) Using 3 workers of 3 for marking
[2022-05-24T12:01:38.267+0100][gc,marking   ] GC(2) Concurrent Mark From Roots 5,257ms
[2022-05-24T12:01:38.267+0100][gc,marking   ] GC(2) Concurrent Preclean
[2022-05-24T12:01:38.267+0100][gc,marking   ] GC(2) Concurrent Preclean 0,294ms
[2022-05-24T12:01:38.267+0100][gc,marking   ] GC(2) Concurrent Mark (1,473s, 1,478s) 5,745ms
[2022-05-24T12:01:38.268+0100][gc,start     ] GC(2) Pause Remark
[2022-05-24T12:01:38.270+0100][gc,stringtable] GC(2) Cleaned string and symbol table, strings: 5181 processed, 0 removed, symbols: 50258 processed, 40 removed
[2022-05-24T12:01:38.271+0100][gc            ] GC(2) Pause Remark 8M->8M(1024M) 3,341ms
[2022-05-24T12:01:38.271+0100][gc,cpu        ] GC(2) User=0,02s Sys=0,00s Real=0,00s
[2022-05-24T12:01:38.271+0100][gc,marking    ] GC(2) Concurrent Rebuild Remembered Sets
[2022-05-24T12:01:38.273+0100][gc,marking    ] GC(2) Concurrent Rebuild Remembered Sets 1,885ms
[2022-05-24T12:01:38.273+0100][gc,start      ] GC(2) Pause Cleanup
[2022-05-24T12:01:38.274+0100][gc            ] GC(2) Pause Cleanup 8M->8M(1024M) 0,392ms
[2022-05-24T12:01:38.274+0100][gc,cpu        ] GC(2) User=0,01s Sys=0,00s Real=0,00s
[2022-05-24T12:01:38.274+0100][gc,marking    ] GC(2) Concurrent Cleanup for Next Mark
[2022-05-24T12:01:38.278+0100][gc,marking    ] GC(2) Concurrent Cleanup for Next Mark 3,666ms
[2022-05-24T12:01:38.278+0100][gc            ] GC(2) Concurrent Cycle 18,600ms
[2022-05-24T12:01:38.866+0100][gc,start      ] GC(3) Pause Young (Normal) (G1 Evacuation Pause)
[2022-05-24T12:01:38.866+0100][gc,task       ] GC(3) Using 13 workers of 13 for evacuation
[2022-05-24T12:01:38.871+0100][gc,phases     ] GC(3)   Pre Evacuate Collection Set: 0,0ms
[2022-05-24T12:01:38.871+0100][gc,phases     ] GC(3)   Evacuate Collection Set: 3,5ms
[2022-05-24T12:01:38.871+0100][gc,phases     ] GC(3)   Post Evacuate Collection Set: 0,8ms
[2022-05-24T12:01:38.871+0100][gc,phases     ] GC(3)   Other: 0,5ms
[2022-05-24T12:01:38.871+0100][gc,heap       ] GC(3) Eden regions: 49->0(46)
[2022-05-24T12:01:38.871+0100][gc,heap       ] GC(3) Survivor regions: 2->5(7)
[2022-05-24T12:01:38.871+0100][gc,heap       ] GC(3) Old regions: 9->9
[2022-05-24T12:01:38.871+0100][gc,heap       ] GC(3) Humongous regions: 129->129
[2022-05-24T12:01:38.871+0100][gc,metaspace  ] GC(3) Metaspace: 29158K->29158K(1075200K)
[2022-05-24T12:01:38.871+0100][gc            ] GC(3) Pause Young (Normal) (G1 Evacuation Pause) 186M->140M(1024M) 4,862ms
[2022-05-24T12:01:38.871+0100][gc,cpu        ] GC(3) User=0,04s Sys=0,00s Real=0,00s
[2022-05-24T12:01:39.147+0100][gc,start      ] GC(4) Pause Young (Concurrent Start) (Metadata GC Threshold)
[2022-05-24T12:01:39.147+0100][gc,task       ] GC(4) Using 13 workers of 13 for evacuation
[2022-05-24T12:01:39.151+0100][gc,phases     ] GC(4)   Pre Evacuate Collection Set: 0,1ms
[2022-05-24T12:01:39.151+0100][gc,phases     ] GC(4)   Evacuate Collection Set: 3,4ms
[2022-05-24T12:01:39.151+0100][gc,phases     ] GC(4)   Post Evacuate Collection Set: 0,4ms
[2022-05-24T12:01:39.151+0100][gc,phases     ] GC(4)   Other: 0,3ms
[2022-05-24T12:01:39.151+0100][gc,heap       ] GC(4) Eden regions: 27->0(45)
[2022-05-24T12:01:39.151+0100][gc,heap       ] GC(4) Survivor regions: 5->6(7)
[2022-05-24T12:01:39.151+0100][gc,heap       ] GC(4) Old regions: 9->10
[2022-05-24T12:01:39.151+0100][gc,heap       ] GC(4) Humongous regions: 129->129
[2022-05-24T12:01:39.151+0100][gc,metaspace  ] GC(4) Metaspace: 34448K->34448K(1081344K)
[2022-05-24T12:01:39.151+0100][gc            ] GC(4) Pause Young (Concurrent Start) (Metadata GC Threshold) 166M->142M(1024M) 4,319ms
[2022-05-24T12:01:39.152+0100][gc,cpu        ] GC(4) User=0,03s Sys=0,00s Real=0,00s
[2022-05-24T12:01:39.152+0100][gc            ] GC(5) Concurrent Cycle
[2022-05-24T12:01:39.152+0100][gc,marking    ] GC(5) Concurrent Clear Claimed Marks
[2022-05-24T12:01:39.152+0100][gc,marking    ] GC(5) Concurrent Clear Claimed Marks 0,106ms
[2022-05-24T12:01:39.152+0100][gc,marking    ] GC(5) Concurrent Scan Root Regions
[2022-05-24T12:01:39.153+0100][gc,marking    ] GC(5) Concurrent Scan Root Regions 1,504ms
[2022-05-24T12:01:39.153+0100][gc,marking    ] GC(5) Concurrent Mark (2,364s)
[2022-05-24T12:01:39.153+0100][gc,marking    ] GC(5) Concurrent Mark From Roots
[2022-05-24T12:01:39.153+0100][gc,task       ] GC(5) Using 3 workers of 3 for marking
[2022-05-24T12:01:39.158+0100][gc,marking    ] GC(5) Concurrent Mark From Roots 4,406ms
[2022-05-24T12:01:39.158+0100][gc,marking    ] GC(5) Concurrent Preclean
[2022-05-24T12:01:39.158+0100][gc,marking    ] GC(5) Concurrent Preclean 0,099ms
[2022-05-24T12:01:39.158+0100][gc,marking    ] GC(5) Concurrent Mark (2,364s, 2,369s) 4,560ms
[2022-05-24T12:01:39.158+0100][gc,start      ] GC(5) Pause Remark
[2022-05-24T12:01:39.161+0100][gc,stringtable] GC(5) Cleaned string and symbol table, strings: 10390 processed, 11 removed, symbols: 83627 processed, 16 removed
[2022-05-24T12:01:39.162+0100][gc            ] GC(5) Pause Remark 143M->143M(1024M) 3,403ms
[2022-05-24T12:01:39.162+0100][gc,cpu        ] GC(5) User=0,03s Sys=0,00s Real=0,01s
[2022-05-24T12:01:39.162+0100][gc,marking    ] GC(5) Concurrent Rebuild Remembered Sets
[2022-05-24T12:01:39.163+0100][gc,marking    ] GC(5) Concurrent Rebuild Remembered Sets 1,849ms
[2022-05-24T12:01:39.164+0100][gc,start      ] GC(5) Pause Cleanup
[2022-05-24T12:01:39.164+0100][gc            ] GC(5) Pause Cleanup 143M->143M(1024M) 0,272ms
[2022-05-24T12:01:39.164+0100][gc,cpu        ] GC(5) User=0,01s Sys=0,00s Real=0,00s
[2022-05-24T12:01:39.164+0100][gc,marking    ] GC(5) Concurrent Cleanup for Next Mark
[2022-05-24T12:01:39.166+0100][gc,marking    ] GC(5) Concurrent Cleanup for Next Mark 2,172ms
[2022-05-24T12:01:39.167+0100][gc            ] GC(5) Concurrent Cycle 14,984ms
[2022-05-24T12:02:50.616+0100][gc,start      ] GC(6) Pause Young (Normal) (G1 Evacuation Pause)
[2022-05-24T12:02:50.616+0100][gc,task       ] GC(6) Using 13 workers of 13 for evacuation
[2022-05-24T12:02:50.627+0100][gc,phases     ] GC(6)   Pre Evacuate Collection Set: 0,1ms
[2022-05-24T12:02:50.627+0100][gc,phases     ] GC(6)   Evacuate Collection Set: 8,9ms
[2022-05-24T12:02:50.627+0100][gc,phases     ] GC(6)   Post Evacuate Collection Set: 1,6ms
[2022-05-24T12:02:50.627+0100][gc,phases     ] GC(6)   Other: 0,4ms
[2022-05-24T12:02:50.627+0100][gc,heap       ] GC(6) Eden regions: 45->0(46)
[2022-05-24T12:02:50.627+0100][gc,heap       ] GC(6) Survivor regions: 6->5(7)
[2022-05-24T12:02:50.627+0100][gc,heap       ] GC(6) Old regions: 10->13
[2022-05-24T12:02:50.627+0100][gc,heap       ] GC(6) Humongous regions: 129->129
[2022-05-24T12:02:50.627+0100][gc,metaspace  ] GC(6) Metaspace: 41306K->41306K(1087488K)
[2022-05-24T12:02:50.627+0100][gc            ] GC(6) Pause Young (Normal) (G1 Evacuation Pause) 187M->144M(1024M) 11,120ms
[2022-05-24T12:02:50.627+0100][gc,cpu        ] GC(6) User=0,06s Sys=0,00s Real=0,01s
[2022-05-24T12:02:54.933+0100][gc,start      ] GC(7) Pause Young (Normal) (G1 Evacuation Pause)
[2022-05-24T12:02:54.933+0100][gc,task       ] GC(7) Using 13 workers of 13 for evacuation
[2022-05-24T12:02:54.939+0100][gc,phases     ] GC(7)   Pre Evacuate Collection Set: 0,0ms
[2022-05-24T12:02:54.939+0100][gc,phases     ] GC(7)   Evacuate Collection Set: 4,3ms
[2022-05-24T12:02:54.939+0100][gc,phases     ] GC(7)   Post Evacuate Collection Set: 1,2ms
[2022-05-24T12:02:54.939+0100][gc,phases     ] GC(7)   Other: 0,3ms
[2022-05-24T12:02:54.939+0100][gc,heap       ] GC(7) Eden regions: 46->0(47)
[2022-05-24T12:02:54.939+0100][gc,heap       ] GC(7) Survivor regions: 5->4(7)
[2022-05-24T12:02:54.939+0100][gc,heap       ] GC(7) Old regions: 13->15
[2022-05-24T12:02:54.939+0100][gc,heap       ] GC(7) Humongous regions: 129->129
[2022-05-24T12:02:54.939+0100][gc,metaspace  ] GC(7) Metaspace: 41770K->41770K(1087488K)
[2022-05-24T12:02:54.939+0100][gc            ] GC(7) Pause Young (Normal) (G1 Evacuation Pause) 190M->145M(1024M) 5,855ms
[2022-05-24T12:02:54.939+0100][gc,cpu        ] GC(7) User=0,04s Sys=0,00s Real=0,00s
[2022-05-24T12:03:02.412+0100][gc,start      ] GC(8) Pause Young (Normal) (G1 Evacuation Pause)
[2022-05-24T12:03:02.412+0100][gc,task       ] GC(8) Using 13 workers of 13 for evacuation
[2022-05-24T12:03:02.416+0100][gc,phases     ] GC(8)   Pre Evacuate Collection Set: 0,0ms
[2022-05-24T12:03:02.416+0100][gc,phases     ] GC(8)   Evacuate Collection Set: 2,7ms
[2022-05-24T12:03:02.416+0100][gc,phases     ] GC(8)   Post Evacuate Collection Set: 1,1ms
[2022-05-24T12:03:02.416+0100][gc,phases     ] GC(8)   Other: 0,3ms
[2022-05-24T12:03:02.416+0100][gc,heap       ] GC(8) Eden regions: 47->0(47)
[2022-05-24T12:03:02.416+0100][gc,heap       ] GC(8) Survivor regions: 4->4(7)
[2022-05-24T12:03:02.416+0100][gc,heap       ] GC(8) Old regions: 15->15
[2022-05-24T12:03:02.416+0100][gc,heap       ] GC(8) Humongous regions: 129->129
[2022-05-24T12:03:02.416+0100][gc,metaspace  ] GC(8) Metaspace: 41771K->41771K(1087488K)
[2022-05-24T12:03:02.416+0100][gc            ] GC(8) Pause Young (Normal) (G1 Evacuation Pause) 192M->145M(1024M) 4,237ms
[2022-05-24T12:03:02.416+0100][gc,cpu        ] GC(8) User=0,02s Sys=0,01s Real=0,01s
[2022-05-24T12:03:21.429+0100][gc,start      ] GC(9) Pause Young (Normal) (G1 Evacuation Pause)
[2022-05-24T12:03:21.429+0100][gc,task       ] GC(9) Using 13 workers of 13 for evacuation
[2022-05-24T12:03:21.435+0100][gc,phases     ] GC(9)   Pre Evacuate Collection Set: 0,1ms
[2022-05-24T12:03:21.435+0100][gc,phases     ] GC(9)   Evacuate Collection Set: 4,3ms
[2022-05-24T12:03:21.435+0100][gc,phases     ] GC(9)   Post Evacuate Collection Set: 1,0ms
[2022-05-24T12:03:21.435+0100][gc,phases     ] GC(9)   Other: 0,5ms
[2022-05-24T12:03:21.435+0100][gc,heap       ] GC(9) Eden regions: 47->0(54)
[2022-05-24T12:03:21.435+0100][gc,heap       ] GC(9) Survivor regions: 4->4(7)
[2022-05-24T12:03:21.435+0100][gc,heap       ] GC(9) Old regions: 15->15
[2022-05-24T12:03:21.435+0100][gc,heap       ] GC(9) Humongous regions: 129->129
[2022-05-24T12:03:21.435+0100][gc,metaspace  ] GC(9) Metaspace: 41777K->41777K(1087488K)
[2022-05-24T12:03:21.435+0100][gc            ] GC(9) Pause Young (Normal) (G1 Evacuation Pause) 192M->145M(1024M) 5,897ms
[2022-05-24T12:03:21.435+0100][gc,cpu        ] GC(9) User=0,03s Sys=0,01s Real=0,01s
[2022-05-24T12:03:33.648+0100][gc,start      ] GC(10) Pause Young (Normal) (G1 Evacuation Pause)
[2022-05-24T12:03:33.648+0100][gc,task       ] GC(10) Using 13 workers of 13 for evacuation
[2022-05-24T12:03:33.654+0100][gc,phases     ] GC(10)   Pre Evacuate Collection Set: 0,0ms
[2022-05-24T12:03:33.654+0100][gc,phases     ] GC(10)   Evacuate Collection Set: 5,0ms
[2022-05-24T12:03:33.654+0100][gc,phases     ] GC(10)   Post Evacuate Collection Set: 0,7ms
[2022-05-24T12:03:33.654+0100][gc,phases     ] GC(10)   Other: 0,2ms
[2022-05-24T12:03:33.654+0100][gc,heap       ] GC(10) Eden regions: 54->0(59)
[2022-05-24T12:03:33.654+0100][gc,heap       ] GC(10) Survivor regions: 4->5(8)
[2022-05-24T12:03:33.654+0100][gc,heap       ] GC(10) Old regions: 15->15
[2022-05-24T12:03:33.654+0100][gc,heap       ] GC(10) Humongous regions: 129->129
[2022-05-24T12:03:33.654+0100][gc,metaspace  ] GC(10) Metaspace: 41803K->41803K(1087488K)
[2022-05-24T12:03:33.654+0100][gc            ] GC(10) Pause Young (Normal) (G1 Evacuation Pause) 199M->146M(1024M) 6,011ms
[2022-05-24T12:03:33.654+0100][gc,cpu        ] GC(10) User=0,04s Sys=0,01s Real=0,01s
[2022-05-24T12:03:45.840+0100][gc,start      ] GC(11) Pause Young (Normal) (G1 Evacuation Pause)
[2022-05-24T12:03:45.840+0100][gc,task       ] GC(11) Using 13 workers of 13 for evacuation
[2022-05-24T12:03:45.847+0100][gc,phases     ] GC(11)   Pre Evacuate Collection Set: 0,0ms
[2022-05-24T12:03:45.847+0100][gc,phases     ] GC(11)   Evacuate Collection Set: 5,2ms
[2022-05-24T12:03:45.847+0100][gc,phases     ] GC(11)   Post Evacuate Collection Set: 1,0ms
[2022-05-24T12:03:45.847+0100][gc,phases     ] GC(11)   Other: 0,5ms
[2022-05-24T12:03:45.847+0100][gc,heap       ] GC(11) Eden regions: 59->0(209)
[2022-05-24T12:03:45.847+0100][gc,heap       ] GC(11) Survivor regions: 5->5(8)
[2022-05-24T12:03:45.847+0100][gc,heap       ] GC(11) Old regions: 15->15
[2022-05-24T12:03:45.847+0100][gc,heap       ] GC(11) Humongous regions: 129->129
[2022-05-24T12:03:45.847+0100][gc,metaspace  ] GC(11) Metaspace: 41831K->41831K(1087488K)
[2022-05-24T12:03:45.847+0100][gc            ] GC(11) Pause Young (Normal) (G1 Evacuation Pause) 205M->146M(1024M) 6,778ms
[2022-05-24T12:03:45.847+0100][gc,cpu        ] GC(11) User=0,04s Sys=0,01s Real=0,01s
[2022-05-24T12:04:42.391+0100][gc,heap,exit  ] Heap
[2022-05-24T12:04:42.391+0100][gc,heap,exit  ]  garbage-first heap   total 1048576K, used 280056K [0x00000000c0000000, 0x0000000100000000)
[2022-05-24T12:04:42.391+0100][gc,heap,exit  ]   region size 1024K, 133 young (136192K), 5 survivors (5120K)
[2022-05-24T12:04:42.391+0100][gc,heap,exit  ]  Metaspace       used 42882K, capacity 45380K, committed 45440K, reserved 1087488K
[2022-05-24T12:04:42.391+0100][gc,heap,exit  ]   class space    used 5342K, capacity 6488K, committed 6528K, reserved 1048576K
