[2022-05-24T12:05:13.113+0100][gc,heap] Heap region size: 1M
[2022-05-24T12:05:13.128+0100][gc     ] Using G1
[2022-05-24T12:05:13.128+0100][gc,heap,coops] Heap address: 0x00000000c0000000, size: 1024 MB, Compressed Oops mode: 32-bit
[2022-05-24T12:05:13.128+0100][gc,cds       ] Mark closed archive regions in map: [0x00000000fff00000, 0x00000000fff6aff8]
[2022-05-24T12:05:13.128+0100][gc,cds       ] Mark open archive regions in map: [0x00000000ffe00000, 0x00000000ffe46ff8]
[2022-05-24T12:05:14.129+0100][gc,start     ] GC(0) Pause Young (Normal) (G1 Evacuation Pause)
[2022-05-24T12:05:14.132+0100][gc,task      ] GC(0) Using 13 workers of 13 for evacuation
[2022-05-24T12:05:14.140+0100][gc,phases    ] GC(0)   Pre Evacuate Collection Set: 0,0ms
[2022-05-24T12:05:14.140+0100][gc,phases    ] GC(0)   Evacuate Collection Set: 6,9ms
[2022-05-24T12:05:14.140+0100][gc,phases    ] GC(0)   Post Evacuate Collection Set: 0,9ms
[2022-05-24T12:05:14.140+0100][gc,phases    ] GC(0)   Other: 3,1ms
[2022-05-24T12:05:14.140+0100][gc,heap      ] GC(0) Eden regions: 51->0(44)
[2022-05-24T12:05:14.140+0100][gc,heap      ] GC(0) Survivor regions: 0->7(7)
[2022-05-24T12:05:14.140+0100][gc,heap      ] GC(0) Old regions: 2->2
[2022-05-24T12:05:14.140+0100][gc,heap      ] GC(0) Humongous regions: 0->0
[2022-05-24T12:05:14.140+0100][gc,metaspace ] GC(0) Metaspace: 14980K->14980K(1062912K)
[2022-05-24T12:05:14.140+0100][gc           ] GC(0) Pause Young (Normal) (G1 Evacuation Pause) 51M->7M(1024M) 10,962ms
[2022-05-24T12:05:14.140+0100][gc,cpu       ] GC(0) User=0,08s Sys=0,00s Real=0,01s
[2022-05-24T12:05:14.531+0100][gc,start     ] GC(1) Pause Young (Concurrent Start) (Metadata GC Threshold)
[2022-05-24T12:05:14.531+0100][gc,task      ] GC(1) Using 13 workers of 13 for evacuation
[2022-05-24T12:05:14.542+0100][gc,phases    ] GC(1)   Pre Evacuate Collection Set: 0,1ms
[2022-05-24T12:05:14.542+0100][gc,phases    ] GC(1)   Evacuate Collection Set: 9,5ms
[2022-05-24T12:05:14.542+0100][gc,phases    ] GC(1)   Post Evacuate Collection Set: 0,8ms
[2022-05-24T12:05:14.542+0100][gc,phases    ] GC(1)   Other: 0,3ms
[2022-05-24T12:05:14.542+0100][gc,heap      ] GC(1) Eden regions: 24->0(49)
[2022-05-24T12:05:14.542+0100][gc,heap      ] GC(1) Survivor regions: 7->2(7)
[2022-05-24T12:05:14.542+0100][gc,heap      ] GC(1) Old regions: 2->9
[2022-05-24T12:05:14.542+0100][gc,heap      ] GC(1) Humongous regions: 0->0
[2022-05-24T12:05:14.542+0100][gc,metaspace ] GC(1) Metaspace: 20573K->20573K(1067008K)
[2022-05-24T12:05:14.542+0100][gc           ] GC(1) Pause Young (Concurrent Start) (Metadata GC Threshold) 30M->8M(1024M) 10,856ms
[2022-05-24T12:05:14.542+0100][gc,cpu       ] GC(1) User=0,05s Sys=0,00s Real=0,02s
[2022-05-24T12:05:14.542+0100][gc           ] GC(2) Concurrent Cycle
[2022-05-24T12:05:14.542+0100][gc,marking   ] GC(2) Concurrent Clear Claimed Marks
[2022-05-24T12:05:14.542+0100][gc,marking   ] GC(2) Concurrent Clear Claimed Marks 0,108ms
[2022-05-24T12:05:14.542+0100][gc,marking   ] GC(2) Concurrent Scan Root Regions
[2022-05-24T12:05:14.544+0100][gc,marking   ] GC(2) Concurrent Scan Root Regions 1,562ms
[2022-05-24T12:05:14.544+0100][gc,marking   ] GC(2) Concurrent Mark (1,454s)
[2022-05-24T12:05:14.544+0100][gc,marking   ] GC(2) Concurrent Mark From Roots
[2022-05-24T12:05:14.544+0100][gc,task      ] GC(2) Using 3 workers of 3 for marking
[2022-05-24T12:05:14.547+0100][gc,marking   ] GC(2) Concurrent Mark From Roots 3,176ms
[2022-05-24T12:05:14.547+0100][gc,marking   ] GC(2) Concurrent Preclean
[2022-05-24T12:05:14.547+0100][gc,marking   ] GC(2) Concurrent Preclean 0,144ms
[2022-05-24T12:05:14.547+0100][gc,marking   ] GC(2) Concurrent Mark (1,454s, 1,458s) 3,475ms
[2022-05-24T12:05:14.548+0100][gc,start     ] GC(2) Pause Remark
[2022-05-24T12:05:14.552+0100][gc,stringtable] GC(2) Cleaned string and symbol table, strings: 5181 processed, 0 removed, symbols: 50260 processed, 40 removed
[2022-05-24T12:05:14.552+0100][gc            ] GC(2) Pause Remark 8M->8M(1024M) 4,323ms
[2022-05-24T12:05:14.552+0100][gc,cpu        ] GC(2) User=0,04s Sys=0,00s Real=0,00s
[2022-05-24T12:05:14.552+0100][gc,marking    ] GC(2) Concurrent Rebuild Remembered Sets
[2022-05-24T12:05:14.554+0100][gc,marking    ] GC(2) Concurrent Rebuild Remembered Sets 2,067ms
[2022-05-24T12:05:14.555+0100][gc,start      ] GC(2) Pause Cleanup
[2022-05-24T12:05:14.555+0100][gc            ] GC(2) Pause Cleanup 8M->8M(1024M) 0,428ms
[2022-05-24T12:05:14.555+0100][gc,cpu        ] GC(2) User=0,00s Sys=0,00s Real=0,00s
[2022-05-24T12:05:14.555+0100][gc,marking    ] GC(2) Concurrent Cleanup for Next Mark
[2022-05-24T12:05:14.558+0100][gc,marking    ] GC(2) Concurrent Cleanup for Next Mark 3,294ms
[2022-05-24T12:05:14.559+0100][gc            ] GC(2) Concurrent Cycle 16,560ms
[2022-05-24T12:05:15.195+0100][gc,start      ] GC(3) Pause Young (Normal) (G1 Evacuation Pause)
[2022-05-24T12:05:15.195+0100][gc,task       ] GC(3) Using 13 workers of 13 for evacuation
[2022-05-24T12:05:15.198+0100][gc,phases     ] GC(3)   Pre Evacuate Collection Set: 0,0ms
[2022-05-24T12:05:15.198+0100][gc,phases     ] GC(3)   Evacuate Collection Set: 1,9ms
[2022-05-24T12:05:15.198+0100][gc,phases     ] GC(3)   Post Evacuate Collection Set: 0,6ms
[2022-05-24T12:05:15.198+0100][gc,phases     ] GC(3)   Other: 0,2ms
[2022-05-24T12:05:15.198+0100][gc,heap       ] GC(3) Eden regions: 49->0(47)
[2022-05-24T12:05:15.198+0100][gc,heap       ] GC(3) Survivor regions: 2->4(7)
[2022-05-24T12:05:15.198+0100][gc,heap       ] GC(3) Old regions: 9->9
[2022-05-24T12:05:15.198+0100][gc,heap       ] GC(3) Humongous regions: 129->129
[2022-05-24T12:05:15.198+0100][gc,metaspace  ] GC(3) Metaspace: 29769K->29769K(1077248K)
[2022-05-24T12:05:15.198+0100][gc            ] GC(3) Pause Young (Normal) (G1 Evacuation Pause) 186M->139M(1024M) 2,763ms
[2022-05-24T12:05:15.198+0100][gc,cpu        ] GC(3) User=0,02s Sys=0,00s Real=0,00s
[2022-05-24T12:05:15.495+0100][gc,start      ] GC(4) Pause Young (Concurrent Start) (Metadata GC Threshold)
[2022-05-24T12:05:15.495+0100][gc,task       ] GC(4) Using 13 workers of 13 for evacuation
[2022-05-24T12:05:15.499+0100][gc,phases     ] GC(4)   Pre Evacuate Collection Set: 0,2ms
[2022-05-24T12:05:15.499+0100][gc,phases     ] GC(4)   Evacuate Collection Set: 3,8ms
[2022-05-24T12:05:15.499+0100][gc,phases     ] GC(4)   Post Evacuate Collection Set: 0,5ms
[2022-05-24T12:05:15.499+0100][gc,phases     ] GC(4)   Other: 0,3ms
[2022-05-24T12:05:15.499+0100][gc,heap       ] GC(4) Eden regions: 26->0(44)
[2022-05-24T12:05:15.499+0100][gc,heap       ] GC(4) Survivor regions: 4->7(7)
[2022-05-24T12:05:15.499+0100][gc,heap       ] GC(4) Old regions: 9->9
[2022-05-24T12:05:15.499+0100][gc,heap       ] GC(4) Humongous regions: 129->129
[2022-05-24T12:05:15.499+0100][gc,metaspace  ] GC(4) Metaspace: 34355K->34355K(1081344K)
[2022-05-24T12:05:15.499+0100][gc            ] GC(4) Pause Young (Concurrent Start) (Metadata GC Threshold) 165M->142M(1024M) 4,812ms
[2022-05-24T12:05:15.499+0100][gc,cpu        ] GC(4) User=0,06s Sys=0,00s Real=0,00s
[2022-05-24T12:05:15.500+0100][gc            ] GC(5) Concurrent Cycle
[2022-05-24T12:05:15.500+0100][gc,marking    ] GC(5) Concurrent Clear Claimed Marks
[2022-05-24T12:05:15.500+0100][gc,marking    ] GC(5) Concurrent Clear Claimed Marks 0,154ms
[2022-05-24T12:05:15.500+0100][gc,marking    ] GC(5) Concurrent Scan Root Regions
[2022-05-24T12:05:15.502+0100][gc,marking    ] GC(5) Concurrent Scan Root Regions 1,776ms
[2022-05-24T12:05:15.502+0100][gc,marking    ] GC(5) Concurrent Mark (2,412s)
[2022-05-24T12:05:15.502+0100][gc,marking    ] GC(5) Concurrent Mark From Roots
[2022-05-24T12:05:15.502+0100][gc,task       ] GC(5) Using 3 workers of 3 for marking
[2022-05-24T12:05:15.506+0100][gc,marking    ] GC(5) Concurrent Mark From Roots 4,216ms
[2022-05-24T12:05:15.506+0100][gc,marking    ] GC(5) Concurrent Preclean
[2022-05-24T12:05:15.506+0100][gc,marking    ] GC(5) Concurrent Preclean 0,089ms
[2022-05-24T12:05:15.506+0100][gc,marking    ] GC(5) Concurrent Mark (2,412s, 2,416s) 4,379ms
[2022-05-24T12:05:15.506+0100][gc,start      ] GC(5) Pause Remark
[2022-05-24T12:05:15.508+0100][gc,stringtable] GC(5) Cleaned string and symbol table, strings: 10429 processed, 10 removed, symbols: 81543 processed, 16 removed
[2022-05-24T12:05:15.509+0100][gc            ] GC(5) Pause Remark 142M->142M(1024M) 2,643ms
[2022-05-24T12:05:15.509+0100][gc,cpu        ] GC(5) User=0,03s Sys=0,00s Real=0,00s
[2022-05-24T12:05:15.509+0100][gc,marking    ] GC(5) Concurrent Rebuild Remembered Sets
[2022-05-24T12:05:15.511+0100][gc,marking    ] GC(5) Concurrent Rebuild Remembered Sets 1,939ms
[2022-05-24T12:05:15.512+0100][gc,start      ] GC(5) Pause Cleanup
[2022-05-24T12:05:15.512+0100][gc            ] GC(5) Pause Cleanup 143M->143M(1024M) 0,226ms
[2022-05-24T12:05:15.512+0100][gc,cpu        ] GC(5) User=0,00s Sys=0,00s Real=0,00s
[2022-05-24T12:05:15.512+0100][gc,marking    ] GC(5) Concurrent Cleanup for Next Mark
[2022-05-24T12:05:15.514+0100][gc,marking    ] GC(5) Concurrent Cleanup for Next Mark 2,112ms
[2022-05-24T12:05:15.514+0100][gc            ] GC(5) Concurrent Cycle 14,774ms
[2022-05-24T12:05:54.637+0100][gc,heap,exit  ] Heap
[2022-05-24T12:05:54.637+0100][gc,heap,exit  ]  garbage-first heap   total 1048576K, used 174380K [0x00000000c0000000, 0x0000000100000000)
[2022-05-24T12:05:54.637+0100][gc,heap,exit  ]   region size 1024K, 37 young (37888K), 7 survivors (7168K)
[2022-05-24T12:05:54.637+0100][gc,heap,exit  ]  Metaspace       used 38934K, capacity 40864K, committed 41216K, reserved 1085440K
[2022-05-24T12:05:54.637+0100][gc,heap,exit  ]   class space    used 4849K, capacity 5763K, committed 5888K, reserved 1048576K
