[2022-05-24T12:00:35.617+0100][gc,heap] Heap region size: 1M
[2022-05-24T12:00:35.627+0100][gc     ] Using G1
[2022-05-24T12:00:35.627+0100][gc,heap,coops] Heap address: 0x00000000e0000000, size: 512 MB, Compressed Oops mode: 32-bit
[2022-05-24T12:00:35.627+0100][gc,cds       ] Mark closed archive regions in map: [0x00000000fff00000, 0x00000000fff6aff8]
[2022-05-24T12:00:35.627+0100][gc,cds       ] Mark open archive regions in map: [0x00000000ffe00000, 0x00000000ffe46ff8]
[2022-05-24T12:00:36.533+0100][gc,start     ] GC(0) Pause Young (Normal) (G1 Evacuation Pause)
[2022-05-24T12:00:36.534+0100][gc,task      ] GC(0) Using 12 workers of 13 for evacuation
[2022-05-24T12:00:36.546+0100][gc,phases    ] GC(0)   Pre Evacuate Collection Set: 0,0ms
[2022-05-24T12:00:36.546+0100][gc,phases    ] GC(0)   Evacuate Collection Set: 11,1ms
[2022-05-24T12:00:36.546+0100][gc,phases    ] GC(0)   Post Evacuate Collection Set: 0,8ms
[2022-05-24T12:00:36.546+0100][gc,phases    ] GC(0)   Other: 1,8ms
[2022-05-24T12:00:36.546+0100][gc,heap      ] GC(0) Eden regions: 25->0(21)
[2022-05-24T12:00:36.546+0100][gc,heap      ] GC(0) Survivor regions: 0->4(4)
[2022-05-24T12:00:36.546+0100][gc,heap      ] GC(0) Old regions: 2->6
[2022-05-24T12:00:36.546+0100][gc,heap      ] GC(0) Humongous regions: 0->0
[2022-05-24T12:00:36.546+0100][gc,metaspace ] GC(0) Metaspace: 7792K->7792K(1056768K)
[2022-05-24T12:00:36.546+0100][gc           ] GC(0) Pause Young (Normal) (G1 Evacuation Pause) 25M->7M(512M) 13,794ms
[2022-05-24T12:00:36.546+0100][gc,cpu       ] GC(0) User=0,10s Sys=0,01s Real=0,01s
[2022-05-24T12:05:29.533+0100][gc,start     ] GC(1) Pause Young (Normal) (G1 Evacuation Pause)
[2022-05-24T12:05:29.533+0100][gc,task      ] GC(1) Using 12 workers of 13 for evacuation
[2022-05-24T12:05:29.537+0100][gc,phases    ] GC(1)   Pre Evacuate Collection Set: 0,0ms
[2022-05-24T12:05:29.537+0100][gc,phases    ] GC(1)   Evacuate Collection Set: 3,3ms
[2022-05-24T12:05:29.537+0100][gc,phases    ] GC(1)   Post Evacuate Collection Set: 0,5ms
[2022-05-24T12:05:29.537+0100][gc,phases    ] GC(1)   Other: 0,2ms
[2022-05-24T12:05:29.537+0100][gc,heap      ] GC(1) Eden regions: 21->0(23)
[2022-05-24T12:05:29.537+0100][gc,heap      ] GC(1) Survivor regions: 4->2(4)
[2022-05-24T12:05:29.537+0100][gc,heap      ] GC(1) Old regions: 6->9
[2022-05-24T12:05:29.537+0100][gc,heap      ] GC(1) Humongous regions: 0->0
[2022-05-24T12:05:29.537+0100][gc,metaspace ] GC(1) Metaspace: 9620K->9620K(1058816K)
[2022-05-24T12:05:29.537+0100][gc           ] GC(1) Pause Young (Normal) (G1 Evacuation Pause) 28M->8M(512M) 4,091ms
[2022-05-24T12:05:29.537+0100][gc,cpu       ] GC(1) User=0,02s Sys=0,02s Real=0,00s
